
 Start         Length     Name                   Class
 0001:00000000 000644A4H .text                   CODE
 0002:00000000 000033B4H .data                   DATA
 0002:000033B4 00003945H .bss                    BSS


Detailed map of segments

 0001:00000000 00005417 C=CODE     S=.text    G=(none)   M=System   ACBP=A9
 0001:00005418 00000140 C=CODE     S=.text    G=(none)   M=SysInit  ACBP=A9
 0001:00005558 00000038 C=CODE     S=.text    G=(none)   M=Types    ACBP=A9
 0001:00005590 000002D0 C=CODE     S=.text    G=(none)   M=Windows  ACBP=A9
 0001:00005860 00000340 C=CODE     S=.text    G=(none)   M=SysConst ACBP=A9
 0001:00005BA0 000067DC C=CODE     S=.text    G=(none)   M=SysUtils ACBP=A9
 0001:0000C37C 00000038 C=CODE     S=.text    G=(none)   M=Messages ACBP=A9
 0001:0000C3B4 000007FB C=CODE     S=.text    G=(none)   M=VarUtils ACBP=A9
 0001:0000CBB0 00002A42 C=CODE     S=.text    G=(none)   M=Variants ACBP=A9
 0001:0000F5F4 00000128 C=CODE     S=.text    G=(none)   M=RTLConsts ACBP=A9
 0001:0000F71C 0000083C C=CODE     S=.text    G=(none)   M=TypInfo  ACBP=A9
 0001:0000FF58 00000038 C=CODE     S=.text    G=(none)   M=ActiveX  ACBP=A9
 0001:0000FF90 000086AE C=CODE     S=.text    G=(none)   M=Classes  ACBP=A9
 0001:00018640 0000128C C=CODE     S=.text    G=(none)   M=IniFiles ACBP=A9
 0001:000198CC 00000AB8 C=CODE     S=.text    G=(none)   M=md5      ACBP=A9
 0001:0001A384 00000340 C=CODE     S=.text    G=(none)   M=SyncObjs ACBP=A9
 0001:0001A6C4 00000068 C=CODE     S=.text    G=(none)   M=Tools    ACBP=A9
 0001:0001A72C 0000078C C=CODE     S=.text    G=(none)   M=Blowfish ACBP=A9
 0001:0001AEB8 00000048 C=CODE     S=.text    G=(none)   M=ZLibConst ACBP=A9
 0001:0001AF00 000091C8 C=CODE     S=.text    G=(none)   M=ZLib     ACBP=A9
 0001:000240C8 000005E8 C=CODE     S=.text    G=(none)   M=myblowfish ACBP=A9
 0001:000246B0 00001210 C=CODE     S=.text    G=(none)   M=encinifile ACBP=A9
 0001:000258C0 000002C4 C=CODE     S=.text    G=(none)   M=helper   ACBP=A9
 0001:00025B84 000002B7 C=CODE     S=.text    G=(none)   M=configunit ACBP=A9
 0001:00025E3C 000004AE C=CODE     S=.text    G=(none)   M=debugunit ACBP=A9
 0001:000262EC 00000C3C C=CODE     S=.text    G=(none)   M=IdException ACBP=A9
 0001:00026F28 00000340 C=CODE     S=.text    G=(none)   M=IdResourceStrings ACBP=A9
 0001:00027268 00001127 C=CODE     S=.text    G=(none)   M=IdWinSock2 ACBP=A9
 0001:00028390 00000038 C=CODE     S=.text    G=(none)   M=IdStackConsts ACBP=A9
 0001:000283C8 00000A18 C=CODE     S=.text    G=(none)   M=IdStack  ACBP=A9
 0001:00028DE0 00001114 C=CODE     S=.text    G=(none)   M=IdStackWindows ACBP=A9
 0001:00029EF4 00000068 C=CODE     S=.text    G=(none)   M=Registry ACBP=A9
 0001:00029F5C 00000038 C=CODE     S=.text    G=(none)   M=IdURI    ACBP=A9
 0001:00029F94 000007E8 C=CODE     S=.text    G=(none)   M=IdGlobal ACBP=A9
 0001:0002A77C 000000FC C=CODE     S=.text    G=(none)   M=IdBaseComponent ACBP=A9
 0001:0002A878 000002EC C=CODE     S=.text    G=(none)   M=IdAntiFreezeBase ACBP=A9
 0001:0002AB64 00000645 C=CODE     S=.text    G=(none)   M=IdComponent ACBP=A9
 0001:0002B1AC 00000B24 C=CODE     S=.text    G=(none)   M=IdSocketHandle ACBP=A9
 0001:0002BCD0 0000123C C=CODE     S=.text    G=(none)   M=IdSSLOpenSSLHeaders ACBP=A9
 0001:0002CF0C 0000015C C=CODE     S=.text    G=(none)   M=IdIOHandler ACBP=A9
 0001:0002D068 0000046C C=CODE     S=.text    G=(none)   M=IdIntercept ACBP=A9
 0001:0002D4D4 00000700 C=CODE     S=.text    G=(none)   M=IdRFCReply ACBP=A9
 0001:0002DBD4 00000038 C=CODE     S=.text    G=(none)   M=IdAssignedNumbers ACBP=A9
 0001:0002DC0C 00000BBC C=CODE     S=.text    G=(none)   M=IdSocks  ACBP=A9
 0001:0002E7C8 00000038 C=CODE     S=.text    G=(none)   M=IdTCPStream ACBP=A9
 0001:0002E800 00000038 C=CODE     S=.text    G=(none)   M=IdStream ACBP=A9
 0001:0002E838 00002164 C=CODE     S=.text    G=(none)   M=IdTCPConnection ACBP=A9
 0001:0003099C 00000874 C=CODE     S=.text    G=(none)   M=IdIOHandlerSocket ACBP=A9
 0001:00031210 000006A4 C=CODE     S=.text    G=(none)   M=IdThread ACBP=A9
 0001:000318B4 0000016C C=CODE     S=.text    G=(none)   M=IdThreadMgrDefault ACBP=A9
 0001:00031A20 0000011C C=CODE     S=.text    G=(none)   M=IdServerIOHandler ACBP=A9
 0001:00031B3C 000001D0 C=CODE     S=.text    G=(none)   M=IdServerIOHandlerSocket ACBP=A9
 0001:00031D0C 0000025C C=CODE     S=.text    G=(none)   M=IdStrings ACBP=A9
 0001:00031F68 00000090 C=CODE     S=.text    G=(none)   M=IdThreadSafe ACBP=A9
 0001:00031FF8 00002404 C=CODE     S=.text    G=(none)   M=IdTCPServer ACBP=A9
 0001:000343FC 000002C4 C=CODE     S=.text    G=(none)   M=IdThreadMgr ACBP=A9
 0001:000346C0 00002716 C=CODE     S=.text    G=(none)   M=IdSSLOpenSSL ACBP=A9
 0001:00036DD8 000000B8 C=CODE     S=.text    G=(none)   M=Math     ACBP=A9
 0001:00036E90 00000514 C=CODE     S=.text    G=(none)   M=DateUtils ACBP=A9
 0001:000373A4 00000A04 C=CODE     S=.text    G=(none)   M=mystrings ACBP=A9
 0001:00037DA8 0000064F C=CODE     S=.text    G=(none)   M=mycrypto ACBP=A9
 0001:000383F8 00000188 C=CODE     S=.text    G=(none)   M=Contnrs  ACBP=A9
 0001:00038580 000004A0 C=CODE     S=.text    G=(none)   M=IdTCPClient ACBP=A9
 0001:00038A20 000004E3 C=CODE     S=.text    G=(none)   M=tasksunit ACBP=A9
 0001:00038F04 00000C6B C=CODE     S=.text    G=(none)   M=ircblowfish ACBP=A9
 0001:00039B70 0000022B C=CODE     S=.text    G=(none)   M=socks5   ACBP=A9
 0001:00039D9C 00000660 C=CODE     S=.text    G=(none)   M=versioninfo ACBP=A9
 0001:0003A3FC 000007E8 C=CODE     S=.text    G=(none)   M=Masks    ACBP=A9
 0001:0003ABE4 00000C3F C=CODE     S=.text    G=(none)   M=skiplists ACBP=A9
 0001:0003B824 00000347 C=CODE     S=.text    G=(none)   M=tags     ACBP=A9
 0001:0003BB6C 0000174B C=CODE     S=.text    G=(none)   M=dirlist  ACBP=A9
 0001:0003D2B8 0000027C C=CODE     S=.text    G=(none)   M=taskidle ACBP=A9
 0001:0003D534 00000490 C=CODE     S=.text    G=(none)   M=IdIdentServer ACBP=A9
 0001:0003D9C4 000005A8 C=CODE     S=.text    G=(none)   M=ident    ACBP=A9
 0001:0003DF6C 000000E4 C=CODE     S=.text    G=(none)   M=StrUtils ACBP=A9
 0001:0003E050 0000124B C=CODE     S=.text    G=(none)   M=fake     ACBP=A9
 0001:0003F29C 00000567 C=CODE     S=.text    G=(none)   M=console  ACBP=A9
 0001:0003F804 00001D70 C=CODE     S=.text    G=(none)   M=taskrace ACBP=A9
 0001:00041574 00001F1F C=CODE     S=.text    G=(none)   M=pazo     ACBP=A9
 0001:00043494 00002566 C=CODE     S=.text    G=(none)   M=precatcher ACBP=A9
 0001:000459FC 00005A37 C=CODE     S=.text    G=(none)   M=rulesunit ACBP=A9
 0001:0004B434 0000040C C=CODE     S=.text    G=(none)   M=mainthread ACBP=A9
 0001:0004B840 00000B38 C=CODE     S=.text    G=(none)   M=taskgenrenfo ACBP=A9
 0001:0004C378 00000634 C=CODE     S=.text    G=(none)   M=taskgenredirlist ACBP=A9
 0001:0004C9AC 00000350 C=CODE     S=.text    G=(none)   M=tasklogin ACBP=A9
 0001:0004CCFC 00002943 C=CODE     S=.text    G=(none)   M=kb       ACBP=A9
 0001:0004F640 000001BC C=CODE     S=.text    G=(none)   M=taskquit ACBP=A9
 0001:0004F7FC 000003F3 C=CODE     S=.text    G=(none)   M=notify   ACBP=A9
 0001:0004FBF0 00000E7F C=CODE     S=.text    G=(none)   M=queueunit ACBP=A9
 0001:00050A70 00000284 C=CODE     S=.text    G=(none)   M=taskraw  ACBP=A9
 0001:00050CF4 00000258 C=CODE     S=.text    G=(none)   M=taskdirlist ACBP=A9
 0001:00050F4C 000003B8 C=CODE     S=.text    G=(none)   M=taskdel  ACBP=A9
 0001:00051304 00000B6C C=CODE     S=.text    G=(none)   M=lame     ACBP=A9
 0001:00051E70 00000038 C=CODE     S=.text    G=(none)   M=tasklame ACBP=A9
 0001:00051EA8 00000038 C=CODE     S=.text    G=(none)   M=taskcwd  ACBP=A9
 0001:00051EE0 0000B01B C=CODE     S=.text    G=(none)   M=irccommandsunit ACBP=A9
 0001:0005CEFC 00002A0E C=CODE     S=.text    G=(none)   M=irc      ACBP=A9
 0001:0005F90C 0000052C C=CODE     S=.text    G=(none)   M=taskautodirlist ACBP=A9
 0001:0005FE38 000042A7 C=CODE     S=.text    G=(none)   M=sitesunit ACBP=A9
 0001:000640E0 000003C4 C=CODE     S=.text    G=(none)   M=slftp    ACBP=A9
 0002:00000000 000000A4 C=DATA     S=.data    G=DGROUP   M=System   ACBP=A9
 0002:000000A4 00000020 C=DATA     S=.data    G=DGROUP   M=SysInit  ACBP=A9
 0002:000000C4 00000250 C=DATA     S=.data    G=DGROUP   M=SysUtils ACBP=A9
 0002:00000314 00000008 C=DATA     S=.data    G=DGROUP   M=VarUtils ACBP=A9
 0002:0000031C 0000008E C=DATA     S=.data    G=DGROUP   M=Variants ACBP=A9
 0002:000003AC 0000000C C=DATA     S=.data    G=DGROUP   M=TypInfo  ACBP=A9
 0002:000003B8 000000B0 C=DATA     S=.data    G=DGROUP   M=Classes  ACBP=A9
 0002:00000468 00000008 C=DATA     S=.data    G=DGROUP   M=IniFiles ACBP=A9
 0002:00000470 00000040 C=DATA     S=.data    G=DGROUP   M=md5      ACBP=A9
 0002:000004B0 00001048 C=DATA     S=.data    G=DGROUP   M=Blowfish ACBP=A9
 0002:000014F8 000006D0 C=DATA     S=.data    G=DGROUP   M=ZLib     ACBP=A9
 0002:00001BC8 00000008 C=DATA     S=.data    G=DGROUP   M=myblowfish ACBP=A9
 0002:00001BD0 00000005 C=DATA     S=.data    G=DGROUP   M=debugunit ACBP=A9
 0002:00001BD8 00000544 C=DATA     S=.data    G=DGROUP   M=IdWinSock2 ACBP=A9
 0002:0000211C 00000004 C=DATA     S=.data    G=DGROUP   M=IdStackConsts ACBP=A9
 0002:00002120 0000000C C=DATA     S=.data    G=DGROUP   M=IdStack  ACBP=A9
 0002:0000212C 00000001 C=DATA     S=.data    G=DGROUP   M=IdStackWindows ACBP=A9
 0002:00002130 00000008 C=DATA     S=.data    G=DGROUP   M=Registry ACBP=A9
 0002:00002138 0000009C C=DATA     S=.data    G=DGROUP   M=IdGlobal ACBP=A9
 0002:000021D4 00000004 C=DATA     S=.data    G=DGROUP   M=IdAntiFreezeBase ACBP=A9
 0002:000021D8 00000028 C=DATA     S=.data    G=DGROUP   M=IdComponent ACBP=A9
 0002:00002200 00000188 C=DATA     S=.data    G=DGROUP   M=IdSSLOpenSSLHeaders ACBP=A9
 0002:00002388 00000004 C=DATA     S=.data    G=DGROUP   M=IdTCPServer ACBP=A9
 0002:0000238C 00000004 C=DATA     S=.data    G=DGROUP   M=IdSSLOpenSSL ACBP=A9
 0002:00002390 00000044 C=DATA     S=.data    G=DGROUP   M=mystrings ACBP=A9
 0002:000023D4 00000008 C=DATA     S=.data    G=DGROUP   M=mycrypto ACBP=A9
 0002:000023DC 00000004 C=DATA     S=.data    G=DGROUP   M=tasksunit ACBP=A9
 0002:000023E0 0000000C C=DATA     S=.data    G=DGROUP   M=ircblowfish ACBP=A9
 0002:000023EC 00000008 C=DATA     S=.data    G=DGROUP   M=tags     ACBP=A9
 0002:000023F4 00000040 C=DATA     S=.data    G=DGROUP   M=dirlist  ACBP=A9
 0002:00002434 00000014 C=DATA     S=.data    G=DGROUP   M=taskidle ACBP=A9
 0002:00002448 00000004 C=DATA     S=.data    G=DGROUP   M=ident    ACBP=A9
 0002:0000244C 00000008 C=DATA     S=.data    G=DGROUP   M=console  ACBP=A9
 0002:00002454 00000018 C=DATA     S=.data    G=DGROUP   M=precatcher ACBP=A9
 0002:0000246C 000000A8 C=DATA     S=.data    G=DGROUP   M=rulesunit ACBP=A9
 0002:00002514 00000001 C=DATA     S=.data    G=DGROUP   M=mainthread ACBP=A9
 0002:00002518 00000028 C=DATA     S=.data    G=DGROUP   M=kb       ACBP=A9
 0002:00002540 00000260 C=DATA     S=.data    G=DGROUP   M=lame     ACBP=A9
 0002:000027A0 000005F0 C=DATA     S=.data    G=DGROUP   M=irccommandsunit ACBP=A9
 0002:00002D90 00000004 C=DATA     S=.data    G=DGROUP   M=irc      ACBP=A9
 0002:00002D94 00000004 C=DATA     S=.data    G=DGROUP   M=sitesunit ACBP=A9
 0002:00004000 0000065C C=BSS      S=.bss     G=DGROUP   M=System   ACBP=A9
 0002:0000465C 00000010 C=BSS      S=.bss     G=DGROUP   M=SysInit  ACBP=A9
 0002:0000466C 00000004 C=BSS      S=.bss     G=DGROUP   M=Types    ACBP=A9
 0002:00004670 00000004 C=BSS      S=.bss     G=DGROUP   M=Windows  ACBP=A9
 0002:00004674 00000004 C=BSS      S=.bss     G=DGROUP   M=SysConst ACBP=A9
 0002:00004678 00000120 C=BSS      S=.bss     G=DGROUP   M=SysUtils ACBP=A9
 0002:00004798 00000004 C=BSS      S=.bss     G=DGROUP   M=Messages ACBP=A9
 0002:0000479C 0000005C C=BSS      S=.bss     G=DGROUP   M=VarUtils ACBP=A9
 0002:000047F8 00000040 C=BSS      S=.bss     G=DGROUP   M=Variants ACBP=A9
 0002:00004838 00000004 C=BSS      S=.bss     G=DGROUP   M=RTLConsts ACBP=A9
 0002:0000483C 00000004 C=BSS      S=.bss     G=DGROUP   M=TypInfo  ACBP=A9
 0002:00004840 00000004 C=BSS      S=.bss     G=DGROUP   M=ActiveX  ACBP=A9
 0002:00004844 00000038 C=BSS      S=.bss     G=DGROUP   M=Classes  ACBP=A9
 0002:0000487C 00000004 C=BSS      S=.bss     G=DGROUP   M=IniFiles ACBP=A9
 0002:00004880 00000004 C=BSS      S=.bss     G=DGROUP   M=md5      ACBP=A9
 0002:00004884 00000004 C=BSS      S=.bss     G=DGROUP   M=SyncObjs ACBP=A9
 0002:00004888 00000004 C=BSS      S=.bss     G=DGROUP   M=Tools    ACBP=A9
 0002:0000488C 00000004 C=BSS      S=.bss     G=DGROUP   M=Blowfish ACBP=A9
 0002:00004890 00000004 C=BSS      S=.bss     G=DGROUP   M=ZLibConst ACBP=A9
 0002:00004894 00001988 C=BSS      S=.bss     G=DGROUP   M=ZLib     ACBP=A9
 0002:0000621C 00000004 C=BSS      S=.bss     G=DGROUP   M=myblowfish ACBP=A9
 0002:00006220 00000004 C=BSS      S=.bss     G=DGROUP   M=encinifile ACBP=A9
 0002:00006224 00000004 C=BSS      S=.bss     G=DGROUP   M=helper   ACBP=A9
 0002:00006228 00000020 C=BSS      S=.bss     G=DGROUP   M=configunit ACBP=A9
 0002:00006248 000001E0 C=BSS      S=.bss     G=DGROUP   M=debugunit ACBP=A9
 0002:00006428 00000004 C=BSS      S=.bss     G=DGROUP   M=IdException ACBP=A9
 0002:0000642C 00000004 C=BSS      S=.bss     G=DGROUP   M=IdResourceStrings ACBP=A9
 0002:00006430 000001C8 C=BSS      S=.bss     G=DGROUP   M=IdWinSock2 ACBP=A9
 0002:000065F8 00000004 C=BSS      S=.bss     G=DGROUP   M=IdStackConsts ACBP=A9
 0002:000065FC 00000008 C=BSS      S=.bss     G=DGROUP   M=IdStack  ACBP=A9
 0002:00006604 00000004 C=BSS      S=.bss     G=DGROUP   M=IdStackWindows ACBP=A9
 0002:00006608 00000004 C=BSS      S=.bss     G=DGROUP   M=Registry ACBP=A9
 0002:0000660C 00000004 C=BSS      S=.bss     G=DGROUP   M=IdURI    ACBP=A9
 0002:00006610 00000014 C=BSS      S=.bss     G=DGROUP   M=IdGlobal ACBP=A9
 0002:00006624 00000004 C=BSS      S=.bss     G=DGROUP   M=IdBaseComponent ACBP=A9
 0002:00006628 00000004 C=BSS      S=.bss     G=DGROUP   M=IdAntiFreezeBase ACBP=A9
 0002:0000662C 00000008 C=BSS      S=.bss     G=DGROUP   M=IdComponent ACBP=A9
 0002:00006634 00000004 C=BSS      S=.bss     G=DGROUP   M=IdSocketHandle ACBP=A9
 0002:00006638 00000004 C=BSS      S=.bss     G=DGROUP   M=IdSSLOpenSSLHeaders ACBP=A9
 0002:0000663C 00000004 C=BSS      S=.bss     G=DGROUP   M=IdIOHandler ACBP=A9
 0002:00006640 00000004 C=BSS      S=.bss     G=DGROUP   M=IdIntercept ACBP=A9
 0002:00006644 00000004 C=BSS      S=.bss     G=DGROUP   M=IdRFCReply ACBP=A9
 0002:00006648 00000004 C=BSS      S=.bss     G=DGROUP   M=IdAssignedNumbers ACBP=A9
 0002:0000664C 00000004 C=BSS      S=.bss     G=DGROUP   M=IdSocks  ACBP=A9
 0002:00006650 00000004 C=BSS      S=.bss     G=DGROUP   M=IdTCPStream ACBP=A9
 0002:00006654 00000004 C=BSS      S=.bss     G=DGROUP   M=IdStream ACBP=A9
 0002:00006658 00000004 C=BSS      S=.bss     G=DGROUP   M=IdTCPConnection ACBP=A9
 0002:0000665C 00000004 C=BSS      S=.bss     G=DGROUP   M=IdIOHandlerSocket ACBP=A9
 0002:00006660 00000004 C=BSS      S=.bss     G=DGROUP   M=IdThread ACBP=A9
 0002:00006664 00000004 C=BSS      S=.bss     G=DGROUP   M=IdThreadMgrDefault ACBP=A9
 0002:00006668 00000004 C=BSS      S=.bss     G=DGROUP   M=IdServerIOHandler ACBP=A9
 0002:0000666C 00000004 C=BSS      S=.bss     G=DGROUP   M=IdServerIOHandlerSocket ACBP=A9
 0002:00006670 00000004 C=BSS      S=.bss     G=DGROUP   M=IdStrings ACBP=A9
 0002:00006674 00000004 C=BSS      S=.bss     G=DGROUP   M=IdThreadSafe ACBP=A9
 0002:00006678 00000004 C=BSS      S=.bss     G=DGROUP   M=IdTCPServer ACBP=A9
 0002:0000667C 00000004 C=BSS      S=.bss     G=DGROUP   M=IdThreadMgr ACBP=A9
 0002:00006680 00000010 C=BSS      S=.bss     G=DGROUP   M=IdSSLOpenSSL ACBP=A9
 0002:00006690 00000004 C=BSS      S=.bss     G=DGROUP   M=Math     ACBP=A9
 0002:00006694 00000004 C=BSS      S=.bss     G=DGROUP   M=DateUtils ACBP=A9
 0002:00006698 00000004 C=BSS      S=.bss     G=DGROUP   M=mystrings ACBP=A9
 0002:0000669C 0000105C C=BSS      S=.bss     G=DGROUP   M=mycrypto ACBP=A9
 0002:000076F8 00000004 C=BSS      S=.bss     G=DGROUP   M=Contnrs  ACBP=A9
 0002:000076FC 00000004 C=BSS      S=.bss     G=DGROUP   M=IdTCPClient ACBP=A9
 0002:00007700 00000008 C=BSS      S=.bss     G=DGROUP   M=tasksunit ACBP=A9
 0002:00007708 00000008 C=BSS      S=.bss     G=DGROUP   M=ircblowfish ACBP=A9
 0002:00007710 00000005 C=BSS      S=.bss     G=DGROUP   M=socks5   ACBP=A9
 0002:00007718 00000004 C=BSS      S=.bss     G=DGROUP   M=versioninfo ACBP=A9
 0002:0000771C 00000004 C=BSS      S=.bss     G=DGROUP   M=Masks    ACBP=A9
 0002:00007720 00000008 C=BSS      S=.bss     G=DGROUP   M=skiplists ACBP=A9
 0002:00007728 00000004 C=BSS      S=.bss     G=DGROUP   M=tags     ACBP=A9
 0002:0000772C 00000008 C=BSS      S=.bss     G=DGROUP   M=dirlist  ACBP=A9
 0002:00007734 00000004 C=BSS      S=.bss     G=DGROUP   M=taskidle ACBP=A9
 0002:00007738 00000004 C=BSS      S=.bss     G=DGROUP   M=IdIdentServer ACBP=A9
 0002:0000773C 00000004 C=BSS      S=.bss     G=DGROUP   M=ident    ACBP=A9
 0002:00007740 00000004 C=BSS      S=.bss     G=DGROUP   M=StrUtils ACBP=A9
 0002:00007744 00000008 C=BSS      S=.bss     G=DGROUP   M=fake     ACBP=A9
 0002:0000774C 000000D0 C=BSS      S=.bss     G=DGROUP   M=console  ACBP=A9
 0002:0000781C 00000004 C=BSS      S=.bss     G=DGROUP   M=taskrace ACBP=A9
 0002:00007820 00000010 C=BSS      S=.bss     G=DGROUP   M=pazo     ACBP=A9
 0002:00007830 0000003C C=BSS      S=.bss     G=DGROUP   M=precatcher ACBP=A9
 0002:0000786C 00000008 C=BSS      S=.bss     G=DGROUP   M=rulesunit ACBP=A9
 0002:00007874 00000010 C=BSS      S=.bss     G=DGROUP   M=mainthread ACBP=A9
 0002:00007884 00000004 C=BSS      S=.bss     G=DGROUP   M=taskgenrenfo ACBP=A9
 0002:00007888 00000004 C=BSS      S=.bss     G=DGROUP   M=taskgenredirlist ACBP=A9
 0002:0000788C 00000004 C=BSS      S=.bss     G=DGROUP   M=tasklogin ACBP=A9
 0002:00007890 00000034 C=BSS      S=.bss     G=DGROUP   M=kb       ACBP=A9
 0002:000078C4 00000004 C=BSS      S=.bss     G=DGROUP   M=taskquit ACBP=A9
 0002:000078C8 0000000C C=BSS      S=.bss     G=DGROUP   M=notify   ACBP=A9
 0002:000078D4 0000001C C=BSS      S=.bss     G=DGROUP   M=queueunit ACBP=A9
 0002:000078F0 00000004 C=BSS      S=.bss     G=DGROUP   M=taskraw  ACBP=A9
 0002:000078F4 00000004 C=BSS      S=.bss     G=DGROUP   M=taskdirlist ACBP=A9
 0002:000078F8 00000004 C=BSS      S=.bss     G=DGROUP   M=taskdel  ACBP=A9
 0002:000078FC 00000004 C=BSS      S=.bss     G=DGROUP   M=lame     ACBP=A9
 0002:00007900 00000004 C=BSS      S=.bss     G=DGROUP   M=tasklame ACBP=A9
 0002:00007904 00000004 C=BSS      S=.bss     G=DGROUP   M=taskcwd  ACBP=A9
 0002:00007908 0000000C C=BSS      S=.bss     G=DGROUP   M=irccommandsunit ACBP=A9
 0002:00007914 00000018 C=BSS      S=.bss     G=DGROUP   M=irc      ACBP=A9
 0002:0000792C 00000004 C=BSS      S=.bss     G=DGROUP   M=taskautodirlist ACBP=A9
 0002:00007930 00000014 C=BSS      S=.bss     G=DGROUP   M=sitesunit ACBP=A9


  Address         Publics by Name

 0002:00004898       ..
 0001:0001E5F8       ..
 0002:00001628       ..
 0002:00001B94       ..
 0002:00001B1C       ..
 0002:00001A60       ..
 0002:00005938       ..
 0002:000018D4       ..
 0002:000014FC       ..
 0002:000015B4       ..
 0001:0001DC6C       ..
 0002:00007870       .05
 0002:000078FC       .1
 0002:00004664       .1
 0002:00006648       .1
 0002:00007710       .1
 0002:00006224       .1
 0002:00006244       .1
 0002:00006638       .1
 0002:00007728       .1
 0002:00004880       .1
 0002:000078E4       .1
 0002:00007740       .1
 0002:00004838       .1
 0002:00004890       .1
 0002:0000488C       .1
 0002:00004674       .1
 0002:000065F8       .1
 0002:00004888       .1
 0002:00004798       .1
 0002:0000774C       .1
 0002:00007744       .1
 0002:0000621C       .1
 0002:00007880       .1
 0002:00006670       .1
 0002:0000466C       .1
 0002:0000624C       .1
 0002:0000642C       .1
 0002:00006694       .1
 0002:00006698       .1
 0002:0000669C       .1
 0002:00006618       .11
 0002:00006678       .11
 0002:00006690       .2
 0002:000078F8       .2
 0002:000076FC       .2
 0002:00007700       .2
 0002:000078F4       .2
 0002:0000666C       .2
 0002:00006668       .2
 0002:00006664       .2
 0002:0000770C       .2
 0002:0000665C       .2
 0002:0000792C       .2
 0002:000078F0       .2
 0002:00006650       .2
 0002:0000664C       .2
 0002:00007718       .2
 0002:0000663C       .2
 0002:00007734       .2
 0002:00007738       .2
 0002:00007900       .2
 0002:00007904       .2
 0002:0000773C       .2
 0002:00006628       .2
 0002:00006624       .2
 0002:000078C4       .2
 0002:00007884       .2
 0002:00007928       .2
 0002:0000788C       .2
 0002:00007888       .2
 0002:000076F8       .21
 0002:00006680       .22
 0002:00006604       .3
 0002:000078C8       .3
 0002:00007908       .3
 0002:00006654       .3
 0002:00006644       .3
 0002:00004840       .3
 0002:0000771C       .3
 0002:00007720       .3
 0002:0000660C       .3
 0002:0000772C       .3
 0002:00007934       .3
 0002:00007838       .3
 0002:0000662C       .3
 0002:000065F0       .3
 0002:00004670       .3
 0002:00006658       .31
 0002:00004788       .35
 0002:00007828       .4
 0002:00006220       .4
 0002:00006640       .4
 0002:0000667C       .4
 0002:0000484C       .45
 0002:00006608       .5
 0002:000045B4       .5
 0002:000047F4       .5
 0002:000078B8       .5
 0002:00006660       .5
 0002:00006600       .6
 0002:0000483C       .6
 0002:0000781C       .6
 0002:00004884       .6
 0002:00006428       .64
 0002:00006674       .7
 0002:00004894       .7
 0002:0000487C       .8
 0002:00004818       .81
 0002:00006634       .9
 0001:00001ABC       @AbstractError
 0001:00002C40       @AfterConstruction
 0001:00001B48       @Append
 0001:00002A8C       @AsClass
 0001:00001DAC       @Assign
 0001:00001F08       @AStrCmp
 0001:00002C50       @BeforeDestruction
 0001:00002AD8       @CallDynaInst
 0001:00002BE8       @ClassCreate
 0001:00002C38       @ClassDestroy
 0001:00001E74       @Close
 0001:00001868       @Copy
 0001:000042F4       @CopyArray
 0001:000041D8       @CopyRecord
 0001:0000440C       @DispCallByIDError
 0001:0000D650       @DispInvokeError
 0001:000043FC       @Dispose
 0001:000030CC       @DoneExcept
 0001:00004734       @DynArrayAsg
 0001:000046F8       @DynArrayClear
 0001:00004538       @DynArrayHigh
 0001:00004530       @DynArrayLength
 0001:000046EC       @DynArraySetLength
 0001:00001F78       @EofText
 0001:000031B4       @ExceptionHandler
 0001:00001FB0       @FillChar
 0001:000041B4       @Finalize
 0001:000040C8       @FinalizeArray
 0001:0000407C       @FinalizeRecord
 0001:00001E68       @Flush
 0001:00002818       @FpuInit
 0001:00002754       @FpuMaskInit
 0001:00001710       @FreeMem
 0001:000016F0       @GetMem
 0001:00005490       @GetTls
 0001:000035D8       @Halt
 0001:00003500       @Halt0
 0001:00002D64       @HandleAnyException
 0001:00003018       @HandleFinally
 0001:00002E90       @HandleOnException
 0001:000054DC       @InitExe
 0001:00004070       @Initialize
 0001:00003FDC       @InitializeArray
 0001:00003FAC       @InitializeRecord
 0001:000033C4       @InitImports
 0001:0000339C       @InitResStringImports
 0001:00004D9C       @IntfClear
 0001:00004DB4       @IntfCopy
 0001:00002A68       @IsClass
 0001:00002724       @isNECWindows
 0001:00003B24       @LStrAddRef
 0001:00003698       @LStrArrayClr
 0001:000036C8       @LStrAsg
 0001:0000393C       @LStrCat
 0001:00003980       @LStrCat3
 0001:000039F4       @LStrCatN
 0001:00003674       @LStrClr
 0001:00003A80       @LStrCmp
 0001:00003B94       @LStrCopy
 0001:00003BD4       @LStrDelete
 0001:000038E4       @LStrFromArray
 0001:0000385C       @LStrFromChar
 0001:0000386C       @LStrFromPChar
 0001:00003764       @LStrFromPCharLen
 0001:0000389C       @LStrFromPWChar
 0001:000037D0       @LStrFromPWCharLen
 0001:000038D8       @LStrFromString
 0001:000038FC       @LStrFromWStr
 0001:0000370C       @LStrLAsg
 0001:00003934       @LStrLen
 0001:00003C1C       @LStrPos
 0001:00003C64       @LStrSetLength
 0001:00003B34       @LStrToPChar
 0001:00003910       @LStrToString
 0001:000043E8       @New
 0001:00003738       @NewAnsiString
 0001:00003CF8       @NewWideString
 0001:00002438       @Pow10
 0001:00001EFC       @PStrCpy
 0001:00001ECC       @PStrNCat
 0001:00003078       @RaiseAgain
 0001:00003050       @RaiseExcept
 0001:00001FD0       @RandInt
 0001:00002028       @ReadChar
 0001:0000218C       @ReadLn
 0001:00002120       @ReadLString
 0001:00002114       @ReadString
 0001:00001730       @ReallocMem
 0001:00001B30       @ResetText
 0001:00001B3C       @RewritText
 0001:00001A8C       @ROUND
 0001:000035E4       @RunError
 0001:000023EC       @SetElem
 0001:00002410       @SetEq
 0001:00002424       @SetUnion
 0001:0000335C       @StartExe
 0001:000002C0       @strlen
 0001:00001A98       @TRUNC
 0001:000030FC       @TryFinallyExit
 0001:00003B8C       @UniqueStringA
 0001:000021BC       @ValLong
 0001:0000ED48       @VarAddRef
 0001:0000D93C       @VarClear
 0001:000040B0       @VarClr
 0001:0000D950       @VarClr
 0001:0000DC64       @VarCopy
 0001:000041C0       @VarCopy
 0001:0000EC80       @VarFromBool
 0001:0000ECD0       @VarFromCurr
 0001:0000EC18       @VarFromInt
 0001:0000EC54       @VarFromInt64
 0001:0000ECE4       @VarFromLStr
 0001:0000ECA8       @VarFromReal
 0001:0000ECBC       @VarFromTDateTime
 0001:0000ED10       @VarFromWStr
 0001:0000D6A4       @VarNull
 0001:0000DF90       @VarToLStr
 0001:0000E6B8       @VarToWStr
 0001:00003CC8       @Write0LString
 0001:000022D4       @WriteBytes
 0001:000023A4       @WriteLn
 0001:00003CD0       @WriteLString
 0001:00002328       @WriteSpaces
 0001:00003D38       @WStrArrayClr
 0001:00003D5C       @WStrAsg
 0001:00003D20       @WStrClr
 0001:00003E98       @WStrCmp
 0001:00003F1C       @WStrCopy
 0001:00003E6C       @WStrFromLStr
 0001:00003D80       @WStrFromPCharLen
 0001:00003E30       @WStrFromPWChar
 0001:00003E0C       @WStrFromPWCharLen
 0001:00003E8C       @WStrLen
 0001:00003F68       @WStrSetLength
 0001:00003E7C       @WStrToPWChar
 0001:00001838       @_IOTest
 0001:00004438       @_lldiv
 0001:000044B4       @_llmod
 0001:00004414       @_llmul
 0001:0000A7E4       AbstractErrorHandler
 0002:00004028       AbstractErrorProc
 0002:00006434       accept
 0002:000065E4       AcceptEx
 0002:00000144       AccessMode
 0001:000017A0       AcquireExceptionObject
 0001:0000FF88       ActiveX
 0001:000003FC       AddBlockAfter
 0001:0004F158       AddKbPazo
 0001:00004C30       AddModuleUnloadProc
 0001:00004C40       AddModuleUnloadProc
 0001:0004F8D0       AddNotify
 0001:00047998       AddRule
 0001:00015498       AddSubComponentsToLoaded
 0001:000503A8       AddTask
 0001:0001757C       AddThread
 0001:0002F874       AdjustStreamSize
 0001:000215D8       adler32
 0002:00007924       adminchan
 0001:000067C8       AllocMem
 0002:000045AC       AllocMemCount
 0002:000045B0       AllocMemSize
 0001:00005438       AllocTlsBuffer
 0001:0005F734       Announce
 0001:0005F7E4       Announce
 0001:0000695C       AnsiCompareStr
 0001:00006994       AnsiCompareText
 0001:0003DF6C       AnsiContainsText
 0001:00006B58       AnsiExtractQuotedStr
 0001:0000B04C       AnsiPos
 0001:00006A34       AnsiQuotedStr
 0001:000069CC       AnsiSameText
 0001:0000B084       AnsiStrPos
 0001:0000B124       AnsiStrRScan
 0001:0000B14C       AnsiStrScan
 0001:000051D4       AnsiToUtf8
 0001:00006928       AnsiUpperCase
 0001:000086C4       AppendChars
 0001:00008A88       AppendFormat
 0001:00008728       AppendNumber
 0001:00008708       AppendString
 0001:0000A7C8       AssertErrorHandler
 0002:00004020       AssertErrorProc
 0001:0000FA20       AssignLongStr
 0001:0000FDC4       AssignVariant
 0002:00006620       ATempPath
 0002:00004604       avail
 0002:000023E0       B64
 0001:00039244       B64tobyte
 0001:00007390       BackfillGetDiskFreeSpaceEx
 0001:0000C644       BackupVarBoolFromStr
 0001:0000C7A4       BackupVarBStrFromBool
 0001:0000C6C4       BackupVarBStrFromCy
 0001:0000C734       BackupVarBStrFromDate
 0001:0000C5D8       BackupVarCyFromStr
 0001:0000C56C       BackupVarDateFromStr
 0001:0000C428       BackupVarI4FromStr
 0001:0000C3D4       BackupVariantChangeTypeEx
 0001:0000C494       BackupVarR4FromStr
 0001:0000C500       BackupVarR8FromStr
 0002:0000790C       batchqueue
 0001:00003628       BeginThread
 0001:0001AA00       BFDoRound
 0001:0001A9A0       BF_F
 0002:00006438       bind
 0001:00017468       BinToHex
 0001:0000C410       BiUnimplemented
 0002:000045DC       blockDescBlockList
 0002:000045E0       blockDescFreeList
 0001:0001AEB0       Blowfish
 0001:0001A990       BlowfishBurn
 0001:0001AE38       BlowfishDecryptCBC
 0001:0001AC28       BlowfishDecryptECB
 0001:0001AE08       BlowfishEncryptCBC
 0001:0001AA48       BlowfishEncryptECB
 0001:0001A72C       BlowfishInit
 0002:00007940       bnccsere
 0001:00057878       Bnctest
 0001:0005D088       Bold
 0001:0005D020       Bold
 0002:000003AC       BooleanIdents
 0002:00000328       BooleanToStringRule
 0001:00007070       BoolToStr
 0001:0000DD18       BoolToWStrViaOS
 0001:00028C18       ByteIsOk
 0001:000390A8       bytetoB64
 0001:0000AD8C       ByteToCharIndex
 0001:0000AD64       ByteToCharLen
 0001:0000AD28       ByteType
 0001:0000ACB0       ByteTypeTest
 0002:00007834       catcherFile
 0002:0000783C       catcherFilename
 0002:00006420       categorystr
 0001:0001B1D8       CCheck
 0002:00007844       cd
 0002:00004810       ChangeAnyProc
 0002:00007708       chankeys
 0001:00003794       CharFromWChar
 0001:0000AF60       CharLength
 0001:000057A8       CharNext
 0001:00000228       CharNext
 0001:0000AE74       CharToByteIndex
 0001:0000AED8       CharToByteLen
 0001:000057B0       CharToOemA
 0001:000057B8       CharUpperBuff
 0001:00002CE0       CheckJmp
 0001:000154D4       CheckSubComponents
 0001:00017594       CheckSynchronize
 0002:0000032C       CInvalidCustomVariantType
 0001:000185AC       Classes
 0001:00011548       ClassNotFound
 0002:0000480C       ClearAnyProc
 0001:0000F084       ClearVariantTypeList
 0001:000001C8       CloseHandle
 0001:00005598       CloseHandle
 0002:0000643C       closesocket
 0002:0000403C       CmdLine
 0002:00004038       CmdShow
 0001:0000C41C       CmpUnimplemented
 0001:000006DC       Commit
 0002:00004620       committedRoot
 0001:00006890       CompareMem
 0001:00006860       CompareStr
 0001:000055A0       CompareString
 0001:000068B0       CompareText
 0001:00036E1C       CompareValue
 0001:00006F98       CompareWith
 0001:000155B4       ComponentCreated
 0002:0000246C       conditions
 0002:00006228       config
 0001:00025C08       ConfigInit
 0001:00025DE8       ConfigUninit
 0001:00025E2C       configunit
 0002:0000622C       config_connect_timeout
 0002:00006230       config_io_timeout
 0002:00006440       connect
 0001:00030B6C       ConnectTimeout
 0001:0003F46C       ConProc
 0001:0003F7F4       console
 0001:0003F490       ConsoleInit
 0001:0003F388       ConsoleStart
 0001:0003F428       ConsoleStop
 0001:0003F4D0       ConsoleUninit
 0001:0003F570       Console_QueueStat
 0001:0003F4EC       Console_SiteStat
 0001:0003F5D0       Console_Slot_Add
 0001:0003F738       Console_Slot_Close
 0001:00038578       Contnrs
 0002:000003C8       Convert
 0002:000003D8       Convert
 0001:0000A224       ConvertAddr
 0001:00008818       ConvertEraString
 0001:0000678C       ConvertError
 0001:000067A4       ConvertErrorFmt
 0001:00008980       ConvertYearString
 0001:00004540       CopyArray
 0001:000373A4       Count
 0001:0000ADE4       CountChars
 0002:00000330       CRangeToType
 0001:0000A70C       CreateAssertException
 0001:0000A894       CreateAVObject
 0001:00015634       CreateComponent
 0001:000055A8       CreateEvent
 0001:000055B0       CreateFile
 0001:000001D0       CreateFileA
 0001:0000A638       CreateInOutError
 0001:00000230       CreateThread
 0002:00000398       CRelationshipToBoolean
 0002:00000314       CResult
 0001:00037C94       CsakSzamok
 0001:00037610       Csere
 0002:0000013C       cSimpleBoolStrs
 0001:00043628       csupaszit
 0002:00000344       CText
 0002:00004618       curAlloc
 0002:00004680       CurrencyDecimals
 0002:0000467C       CurrencyFormat
 0002:00004678       CurrencyString
 0001:000086B0       CurrentYear
 0001:00008120       CurrToStr
 0001:0000DCA8       CurrToWStrViaOS
 0001:00006CBC       CvtInt
 0001:00006D28       CvtInt64
 0002:0000017C       CWNear
 0001:00008634       Date
 0002:00004681       DateSeparator
 0001:000092C8       DateTimeToStr
 0001:0000923C       DateTimeToString
 0001:0000821C       DateTimeToTimeStamp
 0001:00037124       DateTimeToUnix
 0001:00009298       DateToStr
 0001:0000DCE0       DateToWStrViaOS
 0001:0003739C       DateUtils
 0001:0000860C       DayOfWeek
 0001:0001B238       DCheck
 0002:00000178       DCon10
 0001:00025E44       Debug
 0001:00026010       Debug
 0002:0000002C       DebugHook
 0001:00026070       DebugInit
 0001:00026258       DebugUninit
 0001:000262B4       debugunit
 0002:00006424       debug_lock
 0002:00006248       debug_verbose
 0002:0000467F       DecimalSeparator
 0001:000085EC       DecodeDate
 0001:000084A0       DecodeDateFully
 0001:00008310       DecodeTime
 0001:00000770       Decommit
 0001:00000D8C       DecommitFree
 0002:000045F4       decommittedRoot
 0001:000245C4       DecryptFileToStream
 0001:00024388       DecryptStreamToStream
 0002:00000024       Default8087CW
 0002:00000038       DefaultTextLineBreakStyle
 0002:000045B8       DefaultUserCodePage
 0001:0001BF0C       deflate
 0001:0001C28C       deflateEnd
 0001:0001B788       deflateInit_
 0002:00000208       DefLongDayNames
 0002:000001BC       DefLongMonthNames
 0002:000001EC       DefShortDayNames
 0002:0000018C       DefShortMonthNames
 0001:00004784       DelayLoadResourceModule
 0001:0000042C       DeleteBlock
 0001:0000039C       DeleteCriticalSection
 0001:000055B8       DeleteCriticalSection
 0001:00000BD4       DeleteFree
 0002:00000094       dig
 0001:0003D2A8       dirlist
 0001:000531C0       DirlistB
 0001:0003D134       DirlistInit
 0001:0003C780       DirListSorter
 0001:0003D148       DirlistUninit
 0002:00004000       DispCallByIDProc
 0001:00006770       DivMod
 0002:0000238C       DLLLoadCount
 0001:0000ABC0       DoneExceptions
 0001:0003AACC       DoneMaskStates
 0001:00017530       DoneThreadSynchronization
 0002:000003B4       DotSep
 0001:00012914       DoWrite
 0001:00004558       DynArrayClear
 0001:00004560       DynArraySetLength
 0001:0000A60C       EHeapException.FreeInstance
 0001:00026E60       EIdProtocolReplyError.CreateError
 0001:00026EA8       EIdSocketError.CreateError
 0001:000272E0       EIdWS2StubError.Build
 0002:000047F8       EmptyParam
 0002:000000C4       EmptyStr
 0002:000000C8       EmptyWideStr
 0001:000258B8       encinifile
 0001:00008470       EncodeDate
 0001:00037070       EncodeDateTime
 0001:000082D0       EncodeTime
 0001:000242D0       EncryptStreamToFile
 0001:000240C8       EncryptStreamToStream
 0001:0000366C       EndThread
 0001:0000038C       EnterCriticalSection
 0001:000055C0       EnterCriticalSection
 0001:000055C8       EnumCalendarInfoA
 0001:00009E98       EnumEraNames
 0001:00009ED4       EnumEraYearOffsets
 0001:00014DF8       EnumValue
 0002:00004748       EraNames
 0001:00009554       EraToYear
 0002:00004764       EraYearOffsets
 0002:0000006C       errCaption
 0001:0000182C       Error
 0002:00000004       ErrorAddr
 0001:000017E0       ErrorAt
 0001:0000A6B8       ErrorHandler
 0002:00000224       ErrorMap
 0002:00004008       ErrorProc
 0002:000043E0       ErrOutput
 0002:000023B4       ertekek
 0002:0000400C       ExceptClsProc
 0001:0000AB2C       ExceptHandler
 0001:0000A480       Exception.Create
 0001:0000A4BC       Exception.CreateFmt
 0001:0000A53C       Exception.CreateRes
 0001:0000A578       Exception.CreateResFmt
 0002:0000401C       ExceptionClass
 0001:0000A230       ExceptionErrorMessage
 0002:0000025C       ExceptMap
 0001:00001780       ExceptObject
 0002:00004010       ExceptObjProc
 0002:00004004       ExceptProc
 0002:00000000       ExitCode
 0001:00003444       ExitDll
 0002:00004040       ExitProc
 0001:00000240       ExitProcess
 0002:00004024       ExitProcessProc
 0001:00000238       ExitThread
 0001:00007354       ExpandFileName
 0001:0000730C       ExtractFileExt
 0001:000072D4       ExtractFileName
 0001:000072A0       ExtractFilePath
 0002:00006250       f
 0001:0003F28C       fake
 0001:0003F1A0       FakeCheck
 0001:0003E758       FakeCheckI
 0001:0003EF34       FakeCheckMP3
 0002:00007748       fakes
 0001:0003E67C       FakesInit
 0001:0003E674       FakeStart
 0001:0003E690       FakesUninit
 0002:00004784       FalseBoolStrs
 0002:0000016C       FCon1E18
 0001:0002A39C       Fetch
 0001:0002A2B4       FetchCaseInsensitive
 0001:0001991C       FF
 0002:0000661C       FIdPorts
 0001:000071D8       FileAge
 0001:000071D0       FileClose
 0001:00007114       FileCreate
 0001:00007138       FileCreate
 0001:00007240       FileExists
 0002:0000000C       FileMode
 0001:00001B90       FileNOPProc
 0001:000070BC       FileOpen
 0001:00007140       FileRead
 0001:00007198       FileSeek
 0001:000055D0       FileTimeToDosDateTime
 0001:000055D8       FileTimeToLocalFileTime
 0001:0000716C       FileWrite
 0001:00000CBC       FillAfterGap
 0001:00000C68       FillBeforeGap
 0001:00000D54       FillerSizeAfterGap
 0001:00000CE4       FillerSizeBeforeGap
 0001:000640E0       Finalization
 0001:0002A840       Finalization
 0001:00024090       Finalization
 0001:00024678       Finalization
 0001:0000CB70       Finalization
 0001:0003E018       Finalization
 0001:0005FE00       Finalization
 0001:0002A5A0       Finalization
 0001:0003DF34       Finalization
 0001:00039D5C       Finalization
 0001:00029F5C       Finalization
 0001:00029F0C       Finalization
 0001:00025888       Finalization
 0001:0003D98C       Finalization
 0001:00025B4C       Finalization
 0001:0003D4E4       Finalization
 0001:0003A3C4       Finalization
 0001:00005B68       Finalization
 0001:0005CEA0       Finalization
 0001:00025DF4       Finalization
 0001:00026274       Finalization
 0001:0004F5E4       Finalization
 0001:0004F7C4       Finalization
 0001:0003D248       Finalization
 0001:0004FBA8       Finalization
 0001:00036D38       Finalization
 0001:0000C37C       Finalization
 0001:0000C17C       Finalization
 0001:00050A28       Finalization
 0001:00050CBC       Finalization
 0001:00050F14       Finalization
 0001:000512CC       Finalization
 0001:00051E0C       Finalization
 0001:0005F888       Finalization
 0001:00051E70       Finalization
 0001:00051EA8       Finalization
 0001:00036E58       Finalization
 0001:00026EF0       Finalization
 0001:00027230       Finalization
 0001:00029E84       Finalization
 0001:0003ABAC       Finalization
 0001:0003736C       Finalization
 0001:00037D44       Finalization
 0001:000383B8       Finalization
 0001:0003BB24       Finalization
 0001:00028DA8       Finalization
 0001:0003B7DC       Finalization
 0001:00028390       Finalization
 0001:0002AB2C       Finalization
 0001:000052F0       Finalization
 0001:00064098       Finalization
 0001:0002B13C       Finalization
 0001:0004CCC4       Finalization
 0001:0002BC98       Finalization
 0001:0004C974       Finalization
 0001:0001AEC8       Finalization
 0001:0004C340       Finalization
 0001:0001AE80       Finalization
 0001:00005520       Finalization
 0001:00005558       Finalization
 0001:0001A6F4       Finalization
 0001:0001A68C       Finalization
 0001:0004B800       Finalization
 0001:0004B3EC       Finalization
 0001:00028348       Finalization
 0001:00005828       Finalization
 0001:00039B20       Finalization
 0001:0000F4D0       Finalization
 0001:0000F6E4       Finalization
 0001:00038548       Finalization
 0001:0000FF00       Finalization
 0001:0001A34C       Finalization
 0001:0003F254       Finalization
 0001:0001987C       Finalization
 0001:0000FF58       Finalization
 0001:000184FC       Finalization
 0001:00045964       Finalization
 0001:0002CECC       Finalization
 0001:0002D030       Finalization
 0001:0002D49C       Finalization
 0001:0002DB9C       Finalization
 0001:0002DBD4       Finalization
 0001:0002E790       Finalization
 0001:0002E7C8       Finalization
 0001:0004344C       Finalization
 0001:0004153C       Finalization
 0001:00034688       Finalization
 0001:0002E800       Finalization
 0001:0003F7BC       Finalization
 0001:00030964       Finalization
 0001:000311D8       Finalization
 0001:0003187C       Finalization
 0001:000319E8       Finalization
 0001:00031B04       Finalization
 0001:000389E8       Finalization
 0001:00031CD4       Finalization
 0001:00038EBC       Finalization
 0001:00031F30       Finalization
 0001:000343C4       Finalization
 0001:00031FC0       Finalization
 0001:00004550       FinalizeArray
 0001:0000329C       FinalizeUnits
 0001:000047F4       FindBS
 0001:00000250       FindClose
 0001:000055E0       FindClose
 0001:00000C38       FindCommitted
 0001:00047B54       FindConditionByName
 0001:0000F3E0       FindCustomVariantType
 0001:0000F328       FindCustomVariantType
 0001:000157E4       FindExistingComponent
 0001:000055E8       FindFirstFile
 0001:00000258       FindFirstFile
 0001:000116D0       FindGlobalComponent
 0002:00004858       FindGlobalComponentProcs
 0001:0000475C       FindHInstance
 0001:00011654       FindIdentToInt
 0001:00039468       FindIrcBlowfish
 0001:00052654       FindIrcCommand
 0001:0005CF88       FindIrcnetwork
 0001:00014BB0       FindNestedComponent
 0001:000416E8       FindPazoById
 0001:00041734       FindPazoByName
 0001:0000C838       FindProc
 0001:000047CC       FindResourceHInstance
 0001:0004CF8C       FindSectionHandler
 0001:0005FF70       FindSiteByName
 0001:0003B6B8       FindSkipList
 0001:0005FFF4       FindSlotByName
 0001:00047378       FireRules
 0001:000471A8       FireRuleSet
 0002:00004794       FLanguages
 0001:00007DB0       FloatToDecimal
 0001:000080F0       FloatToStr
 0001:00007ADC       FloatToText
 0001:00001E5C       Flush
 0002:0000641C       flushlines
 0002:00000180       FMSecsPerDay
 0001:000079D8       FmtStr
 0001:00043CB4       Focsupaszitas
 0001:000079C4       Format
 0002:00000188       Format
 0001:0000760C       FormatBuf
 0001:00007600       FormatClearStr
 0001:000092DC       FormatDateTime
 0001:00007584       FormatError
 0002:00000164       FormatErrorStrs
 0001:000055F0       FormatMessage
 0001:000075DC       FormatVarToStr
 0001:00002430       FPower10
 0001:0000BDE0       FreeAndNil
 0001:000009A4       FreeCommitted
 0001:00000EC4       FreeCurAlloc
 0001:00018488       FreeIntConstList
 0001:00000260       FreeLibrary
 0001:000055F8       FreeLibrary
 0001:00000624       FreeSpace
 0001:0000B94C       FreeTerminateProcs
 0002:000021D4       GAntiFreeze
 0001:00037E90       GenPem
 0002:00002540       genres
 0002:000065E8       GetAcceptExSockaddrs
 0001:00005618       GetACP
 0001:000003A4       GetBlockDesc
 0001:000115B4       GetClass
 0001:00000340       GetCmdShow
 0001:00000268       GetCommandLine
 0001:000007F0       GetCommitted
 0001:00000880       GetCommittedAt
 0001:00005628       GetConsoleMode
 0001:00008774       GetCount
 0001:00005620       GetCPInfo
 0001:00005630       GetCurrentProcessId
 0001:00000320       GetCurrentThreadId
 0001:00005638       GetCurrentThreadId
 0001:000087A0       GetDate
 0001:00005640       GetDateFormat
 0001:0000946C       GetDateOrder
 0001:00011F14       GetDesigner
 0001:00005648       GetDiskFreeSpaceA
 0002:00000138       GetDiskFreeSpaceEx
 0001:00002AA8       GetDynaMethod
 0001:0000F754       GetEnumNameValue
 0001:0000F7A0       GetEnumValue
 0001:00009F4C       GetEraNamesAndYearOffsets
 0001:00009500       GetEraYearOffset
 0001:0000A87C       GetExceptionClass
 0001:0000AA60       GetExceptionObject
 0001:00005650       GetExitCodeThread
 0001:000293D4       GetFDSet
 0001:0001153C       GetFieldClassTable
 0001:000001E0       GetFileSize
 0001:00005658       GetFileSize
 0001:000001D8       GetFileType
 0001:00005790       GetFileVersionInfo
 0001:00005798       GetFileVersionInfoSize
 0001:0000B3EC       GetFormatSettings
 0001:00005660       GetFullPathName
 0002:00006490       gethostbyaddr
 0002:00006494       gethostbyname
 0002:00006498       gethostname
 0001:0004E514       GetKbPazo
 0001:0000271C       GetKeyboardType
 0001:00005668       GetLastError
 0001:00000270       GetLastError
 0001:00009D10       GetLocaleChar
 0001:00000278       GetLocaleInfo
 0001:00005678       GetLocaleInfo
 0001:00009CC4       GetLocaleStr
 0001:00005670       GetLocalTime
 0001:00000280       GetModuleFileName
 0001:00005680       GetModuleFileName
 0001:00005688       GetModuleHandle
 0001:00000288       GetModuleHandle
 0001:00005418       GetModuleHandle
 0001:00009D74       GetMonthDayNames
 0001:0000F8C8       GetOrdProp
 0001:0000190C       GetParamStr
 0002:00006448       getpeername
 0001:00005690       GetPrivateProfileString
 0001:00005698       GetProcAddress
 0001:00000290       GetProcAddress
 0001:0000F804       GetPropInfo
 0001:0000F874       GetPropInfos
 0002:000064A8       getprotobyname
 0002:000064A4       getprotobynumber
 0002:000064A0       getservbyname
 0002:0000649C       getservbyport
 0002:0000644C       getsockname
 0002:00006450       getsockopt
 0001:00000548       GetSpace
 0001:000005AC       GetSpaceAt
 0001:00000298       GetStartupInfo
 0001:000056A0       GetStdHandle
 0001:000001E8       GetStdHandle
 0001:000056A8       GetStringTypeEx
 0001:000057C0       GetSystemMetrics
 0001:000056B0       GetTempPath
 0001:000002A0       GetThreadLocale
 0001:000056B8       GetThreadLocale
 0001:00000338       GetTickCount
 0001:000087D8       GetTime
 0001:00005444       GetTlsSize
 0001:0000F748       GetTypeData
 0001:00005590       GetUserName
 0001:00000328       GetVersion
 0001:000056C0       GetVersionEx
 0001:0003A344       Get_VersionString
 0001:00019954       GG
 0002:000021FC       GInstanceCount
 0001:000056C8       GlobalAlloc
 0001:000057E8       GlobalAllocPtr
 0002:0000485C       GlobalFixupList
 0001:000056D0       GlobalFree
 0001:00005814       GlobalFreePtr
 0001:000056E0       GlobalHandle
 0001:000056D8       GlobalLock
 0002:00004844       GlobalNameSpace
 0001:000056E8       GlobalReAlloc
 0001:000057F8       GlobalReAllocPtr
 0001:000056F0       GlobalUnlock
 0001:0003F29C       gotoxy
 0001:0003F314       gotoxy
 0002:00002128       GServeFileProc
 0002:000065FC       GSocketListClass
 0002:00002120       GStack
 0002:00002124       GStackClass
 0002:00006630       GStackCriticalSection
 0002:0000212C       GStarted
 0001:00015F20       HandleException
 0002:00000028       HeapAllocFlags
 0002:000045C0       heapErrorCode
 0002:000045C4       heapLock
 0001:00025B7C       helper
 0002:00007854       helper
 0002:00000134       HexDisplayPrefix
 0001:000174A4       HexToBin
 0001:0001998C       HH
 0002:0000237C       hIdCrypto
 0002:00002380       hIdIndySSL
 0002:00002378       hIdSSL
 0002:00004660       HInstance
 0001:00036EC8       HoursBetween
 0001:00036F88       HourSpan
 0002:00007818       hStdout
 0002:00006454       htonl
 0002:00006458       htons
 0002:00007864       huntartunk
 0002:00001BD8       hWS2Dll
 0001:0002AB5C       IdAntiFreezeBase
 0001:0002DC04       IdAssignedNumbers
 0001:0002A870       IdBaseComponent
 0002:0000220C       IdBIOfree
 0002:00002204       IdBIOnewfile
 0001:0002B184       IdComponent
 0002:00002348       IdDES_ecb_encrypt
 0002:00002344       IdDES_set_key
 0002:00002340       IdDES_set_odd_parity
 0001:0003DF64       ident
 0001:0003DAC0       IdentStart
 0001:0003DB44       IdentStop
 0002:00002238       IdEVPPKEYfree
 0002:00002230       IdEVPPKEYnew
 0002:00002234       IdEVPPKEYset1RSA
 0002:00002244       IdEVPsha256
 0001:00026F20       IdException
 0001:0002A65C       IdGlobal
 0001:0003D9BC       IdIdentServer
 0001:0002D4CC       IdIntercept
 0001:0002D060       IdIOHandler
 0001:00031208       IdIOHandlerSocket
 0002:00002434       idlecommands
 0002:00002250       IdPEMwritebioRSAPrivateKey
 0002:00002254       IdPEMwritebioX509
 0001:00027260       IdResourceStrings
 0001:0002DBCC       IdRFCReply
 0002:00002214       IdRSAfree
 0002:00002208       IdRSAgeneratekey
 0001:00031B34       IdServerIOHandler
 0001:00031D04       IdServerIOHandlerSocket
 0001:0002BCC8       IdSocketHandle
 0001:0002E7C0       IdSocks
 0002:0000229C       IdSslAccept
 0002:000022FC       IdSslAddSslAlgorithms
 0002:00002364       IdSSLCipherDescription
 0002:00002374       IdSSLCipherGetBits
 0002:0000236C       IdSSLCipherGetName
 0002:00002370       IdSSLCipherGetVersion
 0002:000022A0       IdSslConnect
 0002:00002290       IdSslCtxCheckPrivateKeyFile
 0002:00002260       IdSslCtxFree
 0002:00002284       IdSslCtxGetVerifyDepth
 0002:000022F4       IdSslCtxLoadVerifyLocations
 0002:0000225C       IdSslCtxNew
 0002:00002258       IdSslCtxSetCipherList
 0002:00002358       IdSSLCtxSetClientCAList
 0002:00002288       IdSslCtxSetDefaultPasswdCb
 0002:0000228C       IdSslCtxSetDefaultPasswdCbUserdata
 0002:0000235C       IdSSLCtxSetDefaultVerifyPaths
 0002:00002300       IdSslCtxSetInfoCallback
 0002:00002360       IdSSLCtxSetSessionIdContext
 0002:0000227C       IdSslCtxSetVerify
 0002:00002280       IdSslCtxSetVerifyDepth
 0002:0000226C       IdSslCtxUseCertificateFile
 0002:00002268       IdSslCtxUsePrivateKeyFile
 0002:00002200       IdSSLeayversion
 0002:00002324       IdSslEvpMd5
 0002:00002298       IdSslFree
 0001:0002CEAC       IdSslGetAppData
 0002:00002368       IdSSLGetCurrentCipher
 0002:000022B0       IdSslGetError
 0002:00002278       IdSslGetPeerCertificate
 0002:000022F8       IdSslGetSession
 0002:00002354       IdSSLLoadClientCAFile
 0002:00002270       IdSslLoadErrorStrings
 0002:000022E0       IdSslMethodClientTLSV1
 0002:000022BC       IdSslMethodClientV2
 0002:000022D4       IdSslMethodClientV23
 0002:000022C8       IdSslMethodClientV3
 0002:000022DC       IdSslMethodServerTLSV1
 0002:000022B8       IdSslMethodServerV2
 0002:000022D0       IdSslMethodServerV23
 0002:000022C4       IdSslMethodServerV3
 0002:000022D8       IdSslMethodTLSV1
 0002:000022B4       IdSslMethodV2
 0002:000022CC       IdSslMethodV23
 0002:000022C0       IdSslMethodV3
 0002:00002294       IdSslNew
 0001:00036D70       IdSSLOpenSSL
 0001:0002CF04       IdSSLOpenSSLHeaders
 0002:000022A8       IdSslPeek
 0002:00002384       IdSslRandScreen
 0002:000022A4       IdSslRead
 0002:000022EC       IdSslSetAcceptState
 0001:0002CE9C       IdSslSetAppData
 0002:000022E8       IdSslSetConnectState
 0002:00002264       IdSslSetFd
 0002:000022F0       IdSslSetShutdown
 0002:000022E4       IdSslShutdown
 0002:00002274       IdSslStateStringLong
 0002:000022AC       IdSslWrite
 0002:00002320       IdSslX509Digest
 0002:00002314       IdSslX509GetIssuerName
 0002:0000232C       IdSslX509GetNotAfter
 0002:00002328       IdSslX509GetNotBefore
 0002:0000231C       IdSslX509GetSubjectName
 0002:0000230C       IdSslX509NameHash
 0002:00002308       IdSslX509NameOneline
 0002:00002310       IdSslX509SetIssuerName
 0002:00002318       IdSslX509SetSubjectName
 0002:00002304       IdSslX509StoreCtxGetAppData
 0002:0000233C       IdSslX509StoreCtxGetCurrentCert
 0002:00002330       IdSslX509StoreCtxGetError
 0002:00002338       IdSslX509StoreCtxGetErrorDepth
 0002:00002334       IdSslX509StoreCtxSetError
 0002:00002350       IdSSL_get_ex_data
 0002:0000234C       IdSSL_set_ex_data
 0001:00028DD8       IdStack
 0001:000283C0       IdStackConsts
 0001:00029EC8       IdStackWindows
 0002:000021D8       IdStati
 0001:0002E830       IdStream
 0001:00031F60       IdStrings
 0001:00038A18       IdTCPClient
 0001:00030994       IdTCPConnection
 0001:000343F4       IdTCPServer
 0001:0002E7F8       IdTCPStream
 0001:000318AC       IdThread
 0001:000346B8       IdThreadMgr
 0001:00031A18       IdThreadMgrDefault
 0001:00031FF0       IdThreadSafe
 0001:00029F8C       IdURI
 0001:00028380       IdWinSock2
 0002:0000224C       IdX509free
 0002:00002228       IdX509NAMEaddentry
 0002:00002220       IdX509NAMEENTRYcreatebytxt
 0002:00002224       IdX509NAMEfree
 0002:00002218       IdX509NAMEnew
 0002:0000221C       IdX509REQfree
 0002:00002210       IdX509REQnew
 0002:0000223C       IdX509REQsetpubkey
 0002:0000222C       IdX509REQsetsubjectname
 0002:00002240       IdX509REQsign
 0002:00002248       IdX509REQtoX509
 0002:0000211C       Id_SO_True
 0002:00007858       ignorelista
 0001:000199C4       II
 0002:00000184       IMSecsPerDay
 0001:0000D6B8       InBounds
 0001:0000D958       InBounds
 0001:0000B00C       IncludeTrailingPathDelimiter
 0001:0002A148       IncludeTrailingSlash
 0001:00037044       IncMilliSecond
 0001:0000D6E8       Increment
 0001:0000D988       Increment
 0001:00037018       IncSecond
 0002:00006610       IndyFalseBoolStrs
 0002:00002184       IndyPos
 0002:00006614       IndyTrueBoolStrs
 0002:0000645C       inet_addr
 0002:00006460       inet_ntoa
 0001:0001D520       inflate
 0001:0001D36C       inflateEnd
 0001:0001D4F4       inflateInit_
 0001:0001D300       inflateReset
 0001:00021988       inflate_blocks
 0001:00022C40       inflate_blocks_free
 0001:000218E0       inflate_blocks_new
 0001:00021810       inflate_blocks_reset
 0001:00022D34       inflate_codes
 0001:00023A0C       inflate_codes_free
 0001:00022CD0       inflate_codes_new
 0001:00023BF8       inflate_fast
 0001:00023A2C       inflate_flush
 0001:00022C8C       inflate_set_dictionary
 0001:0001E200       inflate_trees_bits
 0001:0001E274       inflate_trees_dynamic
 0001:0001E3A4       inflate_trees_fixed
 0001:0001E56C       inflate_trees_free
 0001:00035594       InfoCallback
 0001:000198C4       IniFiles
 0001:00000A30       InitAllocator
 0002:00004630       InitContext
 0001:0000B96C       InitDriveSpacePtr
 0001:0000AB3C       InitExceptions
 0001:00000384       InitializeCriticalSection
 0001:000056F8       InitializeCriticalSection
 0002:000045BC       initialized
 0001:000054D0       InitializeModule
 0001:0002CEBC       InitializeRandom
 0001:0000C864       InitializeVarUtils
 0001:0000B200       InitLeadBytes
 0001:0003A798       InitMaskStates
 0001:0000AC40       InitPlatformId
 0001:0000B278       InitSysLocale
 0001:000174FC       InitThreadSynchronization
 0001:0000544C       InitThreadTLS
 0001:000032FC       InitUnits
 0001:0002A464       InMainThread
 0002:00004048       Input
 0001:00052B34       Inroutes
 0001:00000E3C       InsertFree
 0002:00004850       IntConstList
 0001:00005600       InterlockedDecrement
 0001:0000B9D4       InterlockedDecrement
 0001:00000318       InterlockedDecrement
 0001:00005608       InterlockedExchange
 0001:0000B9E0       InterlockedExchange
 0001:0000B9E8       InterlockedExchangeAdd
 0001:00000310       InterlockedIncrement
 0001:0000B9C8       InterlockedIncrement
 0001:00005610       InterlockedIncrement
 0001:00001BD0       InternalClose
 0001:00001E14       InternalFlush
 0001:00000C98       InternalFreeMem
 0001:00003B40       InternalUniqueString
 0001:00006E1C       IntToHex
 0001:00006E44       IntToHex
 0001:00006D08       IntToStr
 0001:00006DF4       IntToStr
 0001:000371AC       InvalidDateTimeError
 0001:0003A4AC       InvalidMask
 0002:00004790       InvalidPointer
 0001:00002960       InvokeImplGetter
 0002:00006444       ioctlsocket
 0001:000018AC       IOResult
 0001:0005F8D4       irc
 0001:0005649C       IrcAddBnc
 0001:00057F20       IrcAddnet
 0001:000560E8       IrcAddSite
 0001:0005B1F4       IrcAffils
 0001:0005BE60       IrcAuto
 0001:0005C0F8       IrcAutoBncTest
 0001:0005C2D0       IrcAutoDirlist
 0001:0005BF58       IrcAutoLogin
 0001:00055AF4       IrcBatchAdd
 0001:00055B54       IrcBatchDel
 0001:00039B60       ircblowfish
 0001:00039A28       IrcBlowfishInit
 0001:00039A3C       IrcBlowfishUninit
 0001:00057BC0       IrcBnctest
 0001:000589CC       IrcChannels
 0001:00053ECC       IrcCheck
 0001:0005CDC4       IrcCommandInit
 0002:000027A0       irccommands
 0001:0005CEEC       irccommandsunit
 0001:0005CE88       IrcCommandUnInit
 0001:000539F8       IrcDelAllrelease
 0001:000566F4       IrcDelBnc
 0001:00058EC8       IrcDelchan
 0001:00058540       IrcDelnet
 0001:00053698       IrcDelrelease
 0001:00057040       IrcDelsite
 0001:0005B1BC       IrcDie
 0001:000532B8       IrcDirlist
 0001:0005BBC4       IrcFindAffil
 0001:0005BD20       IrcFindSection
 0001:0005CAA8       IrcFindUser
 0001:0005BAB4       IrcFreeslots
 0001:0005AA34       IrcHelp
 0001:0005B35C       IrcIdent
 0001:0005F6C0       IrcInit
 0001:000530A8       IrcInroutes
 0001:0005758C       IrcInvite
 0001:000587B8       IrcJump
 0001:0005C89C       IrcKbExtra
 0001:0005C7A4       IrcKbList
 0001:0005C614       IrcKbShow
 0001:00057ABC       IrcKill
 0001:00053638       IrcLame
 0001:0005B6A8       IrcLeechers
 0001:00055FA0       IrcLegacyCwd
 0001:00056CDC       IrcMaxIdle
 0001:00056B2C       IrcMaxUpDn
 0001:00058238       IrcModnet
 0001:0005C9A0       IrcNoHelp
 0001:000526CC       IrcNope
 0001:00053134       IrcOutroutes
 0001:00055CA8       IrcPre
 0001:0005A0F0       IrcPreadd
 0001:00052910       IrcPrecmd
 0001:0005A098       IrcPredebug
 0001:0005A3C4       IrcPredel
 0001:000528B0       IrcPredir
 0001:0005A47C       IrcPrelist
 0001:0005A04C       IrcPrereload
 0001:00057818       IrcPretest
 0001:00057350       IrcQueue
 0001:000576E0       IrcRaw
 0001:00059444       IrcRuleAdd
 0001:00059CA4       IrcRuleDel
 0001:00059D68       IrcRuleHelp
 0001:000596C0       IrcRuleIns
 0001:00059F48       IrcRuleList
 0001:000599AC       IrcRuleMod
 0001:00059DF0       IrcRules
 0001:00058B80       IrcSay
 0001:0005B570       IrcSections
 0001:00059060       IrcSetBlowkey
 0001:00058CD4       IrcSetChankey
 0001:000526FC       IrcSetdir
 0001:00057E28       IrcSetdown
 0001:00052E1C       IrcSetSpeed
 0001:0005AE60       IrcSite
 0001:000592B8       IrcSitechan
 0001:0005AE14       IrcSites
 0001:00057178       IrcSlots
 0001:00052CF8       IrcSpeeds
 0001:00054A68       IrcSpread
 0001:00055E58       IrcSslfxp
 0001:00055D08       IrcSslmethod
 0001:0005D388       IrcStart
 0001:00058850       IrcStatus
 0001:00055A34       IrcStop
 0001:00056E90       IrcTimeout
 0001:0005B7E0       IrcTraders
 0001:000551FC       IrcTransfer
 0001:0005F708       IrcUnInit
 0001:0005A838       IrcUptime
 0001:0005CBD8       IrcUsers
 0001:0005B918       IrcUserslots
 0001:0005D234       irc_Addtext
 0001:0005D2F8       irc_Addtext
 0001:0005D1A0       irc_Addtext
 0001:00039760       irc_decrypt
 0001:0003957C       irc_encrypt
 0002:00007914       irc_lock
 0002:00007918       irc_queue
 0002:0000791C       irc_queue_nets
 0001:00039A74       irc_RegisterChannel
 0002:00004044       IsConsole
 0001:0002A44C       IsCurrentThread
 0001:0000836C       IsLeapYear
 0002:00004034       IsLibrary
 0002:00004045       IsMultiThread
 0001:0000AFD8       IsPathDelimiter
 0001:00006C58       IsValidIdent
 0001:0000B260       IsWesternGroup
 0002:00001BC8       IV
 0002:000023E4       IV
 0002:000023D4       IV
 0002:00000030       JITEnable
 0001:0004F630       kb
 0001:0004CFFC       kb_Add
 0002:000078C0       kb_announce
 0002:000078BC       kb_eggyelkevesebb
 0001:0004E76C       kb_FreeList
 0001:0004E7B8       kb_Init
 0002:000078B0       kb_last_saved
 0002:000078A8       kb_list
 0001:0004D66C       kb_Pretime
 0001:0004E5A8       kb_Save
 0001:0004F314       KB_start
 0002:000078AC       kb_thread
 0001:0004EAC4       kb_Uninit
 0002:000066A0       KeyData
 0001:00044118       KibontasGenre
 0001:00043804       KibontasRiliz
 0001:00043FF4       KibontasSection
 0002:00002390       kicsik
 0002:00007874       kilepes
 0001:00051E68       lame
 0001:00007250       LastDelimiter
 0002:00002450       lastqueuedb
 0001:0000B18C       LCIDToCodePage
 0001:0000527C       LCIDToCodePage
 0002:00000114       LeadBytes
 0001:00000394       LeaveCriticalSection
 0001:00005700       LeaveCriticalSection
 0002:000014F8       Levels
 0002:0000003C       LibModuleList
 0002:00001BD0       lines
 0002:00006464       listen
 0002:00004746       ListSeparator
 0001:0002BDFC       Load
 0001:0002BCD0       LoadFunction
 0001:0002BD8C       LoadFunctionCLib
 0001:0002BD40       LoadIndyFunction
 0001:00005708       LoadLibrary
 0001:000002A8       LoadLibraryEx
 0001:0003569C       LoadOpenSLLibrary
 0001:000049C0       LoadResourceModule
 0001:00005224       LoadResString
 0001:000002B0       LoadString
 0001:000057C8       LoadString
 0001:00005420       LocalAlloc
 0001:00000364       LocalAlloc
 0001:0000036C       LocalFree
 0001:00009D38       LocalGetLocaleStr
 0002:00006684       LockInfoCB
 0002:00006688       LockPassCB
 0002:0000668C       LockVerifyCB
 0002:0000244C       lock_console
 0002:00004688       LongDateFormat
 0002:0000471C       LongDayNames
 0002:000046D0       LongMonthNames
 0002:0000469C       LongTimeFormat
 0001:00006824       LowerCase
 0002:00002388       LSleepTime
 0001:000002B8       lstrcpyn
 0002:0000481C       LVarTypes
 0002:00004820       LVarTypeSync
 0002:0000402C       MainInstance
 0001:0004B838       mainthread
 0002:00004030       MainThreadID
 0001:0004B798       MainThreadUninit
 0001:000003F4       MakeEmpty
 0001:000033E8       MakeErrorMessage
 0001:0000A7FC       MapException
 0002:00007868       mappingslist
 0001:00003114       MapToRunError
 0001:0003ABDC       Masks
 0001:0003A8B8       Matches
 0001:0003AA5C       MatchesMaskStates
 0001:00036E88       Math
 0001:00036DE8       Max
 0001:00036DE0       Max
 0001:0001A37C       md5
 0001:0001A31C       MD5Buffer
 0001:00019A44       MD5Decode
 0001:000199FC       MD5Encode
 0001:0001A284       MD5Final
 0001:0001A1D4       MD5Init
 0001:0001A2FC       MD5String
 0001:00019A9C       MD5Transform
 0001:0001A204       MD5Update
 0001:00019A84       MD5_memcpy
 0001:00019A8C       MD5_memset
 0002:00000044       MemoryManager
 0001:0002A488       MemoryPos
 0001:00000444       MergeBlockAfter
 0001:00000F10       MergeCommit
 0001:00000248       MessageBox
 0001:000057D0       MessageBox
 0001:0000C3AC       Messages
 0001:00036F28       MilliSecondsBetween
 0001:00036FE8       MilliSecondSpan
 0001:0002A15C       Min
 0001:00036DD8       Min
 0002:00002458       minimum_rlsname
 0002:000000AC       Module
 0002:0000465D       ModuleIsCpp
 0002:0000465C       ModuleIsLib
 0001:000184F4       ModuleUnload
 0002:00000040       ModuleUnloadList
 0002:000000E4       MonthDays
 0002:00002154       monthnames
 0002:000021A4       monthnames
 0002:000023F4       Months
 0001:000018CC       Move
 0002:00007894       mp3genres
 0002:00007898       mp3languages
 0002:000078A4       mp3livesources
 0002:0000789C       mp3sources
 0002:000078A0       mp3types
 0001:000057D8       MsgWaitForMultipleObjects
 0001:000002C8       MultiByteToWideChar
 0002:0000245C       multicddirprefix
 0002:00002424       multicddirprefix
 0001:000246A8       myblowfish
 0001:000383E8       mycrypto
 0001:000383B0       MyCryptoInit
 0001:0003825C       MycryptoStart
 0001:000376A8       MyDateToStr
 0001:000435D8       mydebug
 0001:00025E3C       MyGetCurrentProcessId
 0001:000258C0       MyGetPass
 0001:00025AB8       MyGetUsername
 0002:00002448       myIdentserver
 0001:000379F0       MyIncludeTrailingSlash
 0002:00002D90       myIrcThreads
 0001:00037914       myRand
 0001:00047124       mySpeedComparer
 0001:00037DA0       mystrings
 0001:000376E4       MyStrToDate
 0002:0000467D       NegCurrFormat
 0001:00000F9C       NewCommit
 0001:00000FC8       NewCommitAt
 0001:0000AF9C       NextCharIndex
 0002:00007920       nickname
 0002:000003C0       NilMethod
 0002:00000034       NoErrMsg
 0001:0004FBE0       notify
 0001:00002CCC       NotifyAnyExcept
 0001:00011FAC       NotifyDesigner
 0001:00002CA0       NotifyExcept
 0001:00002D00       NotifyExceptFinally
 0001:0004FA14       NotifyInit
 0001:00004CC0       NotifyModuleUnload
 0001:00002C7C       NotifyNonDelphiException
 0001:00002CB8       NotifyOnExcept
 0001:00002C60       NotifyReRaise
 0001:00002D28       NotifyTerminate
 0001:00002D44       NotifyUnhandled
 0001:0004FA30       NotifyUninit
 0001:00008660       Now
 0002:00006468       ntohl
 0002:0000646C       ntohs
 0001:0000F4C8       Null
 0002:00000320       NullAsStringValue
 0002:0000031C       NullStrictConvert
 0001:00037E30       OpensslShortVersion
 0001:00037DA8       OpensslVersion
 0001:00001AD8       OpenText
 0002:0000478C       OutOfMemory
 0002:00004214       Output
 0001:00052970       Outroutes
 0002:00000324       PackVarCreation
 0002:00000470       Padding
 0001:000019F8       ParamStr
 0001:00037A80       ParsePasvString
 0001:0003792C       ParseResponseCode
 0002:00006234       passphrase
 0001:00035494       PasswordCallback
 0001:00043484       pazo
 0001:000416CC       PazoAdd
 0001:000416BC       PazoGarbage
 0001:000417E4       PazoInit
 0001:000417F8       PazoUnInit
 0002:0000782C       pazo_id
 0002:00007820       pazo_last_garbage
 0002:000004B0       PBox
 0001:00038FD4       PCindex
 0001:0003902C       PCsubstr
 0001:000057E0       PeekMessage
 0001:00011274       PointerInModule
 0001:0003A878       Pop
 0001:0002A514       PosIdx
 0001:000459C4       precatcher
 0001:00044898       PrecatcherProcess
 0001:000446CC       PrecatcherProcessB
 0001:00044BF4       PrecatcherRebuild
 0001:000453A8       PrecatcherReload
 0001:000458EC       PrecatcherStart
 0002:00007830       precatcher_auto
 0002:00002454       precatcher_debug
 0001:0004553C       Precatcher_Init
 0001:000456CC       Precatcher_UnInit
 0002:0000044C       Priorities
 0001:00044930       ProcessChannels
 0001:000451D4       ProcessConfigLine
 0001:00044D38       ProcessIgnoreList
 0001:000450C4       ProcessMappings
 0001:00044C7C       ProcessRaceTool
 0001:000441F8       ProcessReleaseVege
 0001:00044E44       ProcessReplace
 0001:00043D24       ProcessRlsPretime
 0001:00044FC4       ProcessSections
 0001:00014DCC       PropertyNotFound
 0001:00016020       PropPathError
 0001:00014DC0       PropValueError
 0002:000000A8       PtrToNil
 0001:0003A850       Push
 0001:00007A98       PutExponent
 0001:00000330       QueryPerformanceCounter
 0001:0005069C       QueueDebug
 0001:000502C0       QueueEmpty
 0002:000078E8       queueevent
 0001:0004FC54       QueueFire
 0001:0005097C       QueueInit
 0001:0004FC60       QueueStart
 0002:000078EC       queueth
 0001:000509F4       QueueUninit
 0001:00050A60       queueunit
 0002:000078DC       queue_last_run
 0002:000078D4       queue_lock
 0001:00011AD4       QuickSort
 0001:0000A7B8       RaiseAssertException
 0001:000001F0       RaiseException
 0001:000140F4       RaiseException
 0002:00004014       RaiseExceptionProc
 0001:0000B8A0       RaiseLastOSError
 0001:00001A58       Randomize
 0001:00036E30       RandomRange
 0002:00000008       RandSeed
 0001:00057438       RawB
 0001:00016EB0       ReadCustomVariant
 0001:00014DA8       ReadError
 0001:0003E0B4       ReadFakeSettings
 0001:000001F8       ReadFile
 0001:00005710       ReadFile
 0001:00002094       ReadLine
 0001:00025B84       ReadPass
 0001:000600CC       ReadSites
 0001:000155D4       Recover
 0002:00006470       recv
 0002:00006474       recvfrom
 0001:0005D0F4       Red
 0002:00004814       RefAnyProc
 0001:000002D0       RegCloseKey
 0002:00004854       RegGroups
 0001:00004D1C       RegisterModule
 0001:00029F54       Registry
 0001:000002D8       RegOpenKeyEx
 0001:000002E0       RegQueryValueEx
 0002:00000050       reMap
 0002:00004614       remBytes
 0001:000004B4       RemoveBlock
 0001:000504BC       RemoveDependencies
 0001:00014C78       RemoveFixupReferences
 0001:00014D24       RemoveFixups
 0001:0001501C       RemoveGlobalFixup
 0001:00004C38       RemoveModuleUnloadProc
 0001:00004C60       RemoveModuleUnloadProc
 0001:00050568       RemovePazo
 0001:000506D0       RemovePazoDeps
 0001:000505BC       RemovePazoDeps
 0001:00017588       RemoveThread
 0001:0004F8F0       RemoveTN
 0002:0000785C       replacefrom
 0002:00007840       replacefromline
 0002:00007860       replaceto
 0001:0003A4FC       Reset
 0001:00005718       ResetEvent
 0001:00017548       ResetSyncEvent
 0001:00001450       ResizeInPlace
 0001:00005720       ResumeThread
 0001:00012A74       ReturnAddr
 0001:000117DC       ReturnAddr
 0001:0003DFDC       ReverseString
 0001:00037448       RightStr
 0001:000374D0       RightStrv2
 0001:000198FC       ROTATE_LEFT
 0001:0005492C       Routeable
 0002:00004610       rover
 0001:0003763C       RPos
 0001:0000F714       RTLConsts
 0001:00000200       RtlUnwind
 0002:00004018       RTLUnwindProc
 0002:0000786C       rules
 0001:00047B34       RulesInit
 0001:00047648       RulesOrder
 0001:000478FC       RulesRemove
 0001:00047804       RulesSave
 0001:00047A10       RulesStart
 0001:00047B48       RulesUninit
 0001:0004B424       rulesunit
 0001:0004B434       Run
 0002:00000074       runErrMsg
 0001:000017D4       RunErrorAt
 0002:00002514       running
 0001:0000C818       SafeArrayCreate
 0001:0000C820       SafeArrayGetLBound
 0001:0000C828       SafeArrayGetUBound
 0001:0000C830       SafeArrayPtrOfIndex
 0001:00006904       SameText
 0002:000004F8       SBox
 0001:0002A480       SBPos
 0001:000092F0       ScanBlanks
 0001:00009434       ScanChar
 0001:000095B0       ScanDate
 0001:00009314       ScanNumber
 0001:0003A68C       ScanSet
 0001:000093A8       ScanString
 0001:000098F4       ScanTime
 0001:000094B8       ScanToNumber
 0001:00000FFC       SearchSmallBlocks
 0001:00036EF8       SecondsBetween
 0001:00036FB8       SecondSpan
 0002:00002518       sectionhandlers
 0002:00007850       sectionlist
 0002:00007890       sections
 0002:00006478       select
 0002:0000647C       send
 0002:00006480       sendto
 0001:000299C0       ServeFile
 0001:0000F054       SetClearVarToEmptyParam
 0001:00015744       SetCompName
 0001:00005728       SetConsoleCtrlHandler
 0001:00005730       SetConsoleCursorPosition
 0001:00005738       SetConsoleMode
 0001:00000208       SetEndOfFile
 0001:00005740       SetEndOfFile
 0001:00005748       SetEvent
 0001:00003254       SetExceptionHandler
 0001:00029410       SetFDSet
 0001:00005750       SetFilePointer
 0001:00000210       SetFilePointer
 0001:0000FBCC       SetFloatProp
 0001:00001858       SetInOutRes
 0001:0000FE50       SetInt64Prop
 0001:0000FE8C       SetInterfaceProp
 0001:00016300       SetInterfaceReference
 0001:0001621C       SetIntIdent
 0001:0000FA34       SetLongStrProp
 0001:0000FE18       SetMethodProp
 0001:00016264       SetObjectIdent
 0001:0000F93C       SetOrdProp
 0001:0000F998       SetShortStrProp
 0001:0000F9EC       SetShortStrPropAsLongStr
 0002:00006484       setsockopt
 0001:0000FACC       SetStrProp
 0001:0001554C       SetSubComponentState
 0001:0002A478       SetThreadPriority
 0001:00005758       SetThreadPriority
 0001:0005FF24       SetupSocket
 0001:00039B70       SetupSocks5
 0001:0000F03C       SetVarAsError
 0001:0000FDD8       SetVariantProp
 0001:000162A4       SetVariantReference
 0001:0000FAF8       SetWideStrProp
 0001:0000FA74       SetWideStrPropAsLongStr
 0001:000393B8       set_key
 0002:00000150       ShareMode
 0002:00004684       ShortDateFormat
 0002:00004700       ShortDayNames
 0002:000046A0       ShortMonthNames
 0002:00004698       ShortTimeFormat
 0001:0000A3B8       ShowException
 0002:00006488       shutdown
 0001:00017570       SignalSyncEvent
 0001:00064054       SiteAutoStart
 0002:00007938       sitelaststart
 0002:00007930       sites
 0001:000578DC       SitesB
 0002:00002D94       sitesdat
 0001:000602A0       SitesInit
 0001:00062718       SitesStart
 0001:00062A38       SiteStat
 0001:000602D0       SitesUninit
 0001:000640D0       sitesunit
 0001:000169E4       SkipBinary
 0001:00016A14       SkipCollection
 0001:000169BC       SkipList
 0002:00007724       skiplist
 0001:0003B814       skiplists
 0001:0003ACA8       SkiplistsInit
 0001:0003B034       SkiplistsUnInit
 0002:00007848       skiprlses
 0001:00005760       Sleep
 0001:0000B898       Sleep
 0001:0002A45C       Sleep
 0001:00064430       slftp
 0001:00062824       SlotsFire
 0002:00007750       slot_stats
 0002:0000461C       smallTab
 0002:0000648C       socket
 0001:00039D8C       socks5
 0002:00007714       socks5enabled
 0001:00039D1C       Socks5Init
 0002:00007730       sort_lock
 0002:000045E4       spaceRoot
 0001:00036F58       SpanOfNowAndThen
 0001:00031DF0       SplitColumns
 0001:00031D0C       SplitColumnsNoTrim
 0002:00007878       started
 0001:0004B768       Stop
 0001:00007534       StrAlloc
 0001:0000AD4C       StrByteType
 0001:0000AF38       StrCharLength
 0001:00007574       StrDispose
 0001:0000741C       StrEnd
 0001:00013F78       StringListCompareStrings
 0001:0000B764       StringReplace
 0001:00007440       StrLCopy
 0001:00007404       StrLen
 0001:00007984       StrLFmt
 0001:00007474       StrLIComp
 0001:00007430       StrMove
 0001:00007548       StrNew
 0001:0000AF58       StrNextChar
 0001:00007520       StrPas
 0001:000074CC       StrPos
 0001:000074B8       StrScan
 0001:00006F78       StrToBoolDef
 0001:00009AE8       StrToDate
 0001:00009BB8       StrToDateTime
 0001:00008150       StrToFloat
 0001:00006E74       StrToInt
 0001:00006EB0       StrToIntDef
 0001:00009B50       StrToTime
 0001:0003E048       StrUtils
 0001:00037550       SubString
 0001:0000BE14       Supports
 0001:0000BDF0       Supports
 0001:00005768       SuspendThread
 0002:00004848       SyncEvent
 0002:00000448       SyncList
 0001:0001A6BC       SyncObjs
 0001:000002F8       SysAllocStringLen
 0001:00005B98       SysConst
 0001:00009C78       SysErrorMessage
 0001:000012AC       SysFreeMem
 0001:00000308       SysFreeString
 0001:0000111C       SysGetMem
 0001:00005550       SysInit
 0002:00004738       SysLocale
 0001:0000162C       SysReallocMem
 0001:00000300       SysReAllocStringLen
 0001:00005344       System
 0001:0000C2FC       SysUtils
 0001:00037C14       Szam
 0001:00037C24       Szamokszama
 0001:0003B824       TagComplete
 0002:0000784C       tagline
 0001:0003BB5C       tags
 0001:0003B978       TagsInit
 0001:0003BAEC       TagsUninit
 0002:000023EC       tags_complete
 0002:000023F0       tags_incomplete
 0001:0005FE30       taskautodirlist
 0001:00051ED8       taskcwd
 0001:000512FC       taskdel
 0001:00050F44       taskdirlist
 0001:0004C9A4       taskgenredirlist
 0001:0004C370       taskgenrenfo
 0001:0003D52C       taskidle
 0001:00051EA0       tasklame
 0001:0004CCF4       tasklogin
 0002:000078CC       tasknotifies
 0001:0004F7F4       taskquit
 0001:0004156C       taskrace
 0001:00050CEC       taskraw
 0001:0004FA3C       TaskReady
 0002:000078D8       tasks
 0001:00038EF4       tasksunit
 0001:00038E9C       Tasks_Init
 0001:00038EB0       Tasks_Uninit
 0001:0005F978       TAutoDirlistTask.Create
 0001:0005FA98       TAutoDirlistTask.Execute
 0001:0005FD8C       TAutoDirlistTask.Name
 0001:000114B4       TClassFinder.GetClass
 0001:0001228C       TCollection.Add
 0001:000126C0       TCollection.Added
 0001:000122AC       TCollection.Assign
 0001:00012344       TCollection.BeginUpdate
 0001:00012348       TCollection.Changed
 0001:00012358       TCollection.Clear
 0001:000121F4       TCollection.Create
 0001:000126C4       TCollection.Deleting
 0001:00012240       TCollection.Destroy
 0001:000123C0       TCollection.EndUpdate
 0001:000123D0       TCollection.GetAttr
 0001:000123CC       TCollection.GetAttrCount
 0001:000123FC       TCollection.GetCount
 0001:00012404       TCollection.GetItem
 0001:000123DC       TCollection.GetItemAttr
 0001:00012418       TCollection.GetNamePath
 0001:000124E0       TCollection.GetPropName
 0001:000125FC       TCollection.InsertItem
 0001:000126C8       TCollection.Notify
 0001:00012664       TCollection.RemoveItem
 0001:000126B8       TCollection.SetItemName
 0001:000126BC       TCollection.Update
 0001:00012078       TCollectionItem.Changed
 0001:00012010       TCollectionItem.Create
 0001:00012048       TCollectionItem.Destroy
 0001:000120B4       TCollectionItem.GetDisplayName
 0001:0001209C       TCollectionItem.GetIndex
 0001:000120DC       TCollectionItem.GetNamePath
 0001:00012190       TCollectionItem.GetOwner
 0001:00012194       TCollectionItem.SetCollection
 0001:000121BC       TCollectionItem.SetDisplayName
 0001:000121C4       TCollectionItem.SetIndex
 0001:00017D8C       TComponent.BeforeDestruction
 0001:000182AC       TComponent.ChangeName
 0001:00017CC8       TComponent.Create
 0001:00018040       TComponent.DefineProperties
 0001:00017D14       TComponent.Destroy
 0001:00017F10       TComponent.DestroyComponents
 0001:00017F68       TComponent.Destroying
 0001:00018394       TComponent.ExecuteAction
 0001:000181D0       TComponent.FindComponent
 0001:00017D98       TComponent.FreeNotification
 0001:000180D4       TComponent.GetChildOwner
 0001:000180D8       TComponent.GetChildParent
 0001:000180CC       TComponent.GetChildren
 0001:000182C0       TComponent.GetComponent
 0001:000182EC       TComponent.GetComponentCount
 0001:000180DC       TComponent.GetNamePath
 0001:000180F0       TComponent.GetOwner
 0001:000180F8       TComponent.GetParentComponent
 0001:000180C8       TComponent.HasParent
 0001:00017E2C       TComponent.Insert
 0001:00017E80       TComponent.InsertComponent
 0001:00018484       TComponent.IntfGetComponent
 0001:00018118       TComponent.Loaded
 0001:00017FE4       TComponent.Notification
 0001:00018124       TComponent.PaletteCreated
 0001:00018404       TComponent.QueryInterface
 0001:00017DEC       TComponent.ReadLeft
 0001:00018128       TComponent.ReadState
 0001:00017E00       TComponent.ReadTop
 0001:00017E58       TComponent.Remove
 0001:00017ED8       TComponent.RemoveComponent
 0001:00017FC8       TComponent.RemoveFreeNotification
 0001:00017FA4       TComponent.RemoveNotification
 0001:000183E4       TComponent.SafeCallException
 0001:000180F4       TComponent.SetChildOrder
 0001:000182FC       TComponent.SetDesigning
 0001:00018220       TComponent.SetName
 0001:000180FC       TComponent.SetParentComponent
 0001:0001834C       TComponent.SetReference
 0001:000183BC       TComponent.UpdateAction
 0001:0001810C       TComponent.Updated
 0001:000183FC       TComponent.UpdateRegistry
 0001:00018100       TComponent.Updating
 0001:000181B8       TComponent.ValidateContainer
 0001:000181CC       TComponent.ValidateInsert
 0001:00018138       TComponent.ValidateRename
 0001:00017E14       TComponent.WriteLeft
 0001:00018130       TComponent.WriteState
 0001:00017E20       TComponent.WriteTop
 0001:00018444       TComponent._AddRef
 0001:00018464       TComponent._Release
 0001:0001B300       TCompressionStream.Create
 0001:0001B37C       TCompressionStream.Destroy
 0001:0001B494       TCompressionStream.Read
 0001:0001B53C       TCompressionStream.Seek
 0001:0001B4AC       TCompressionStream.Write
 0001:0004A284       TCondition.Create
 0001:0004ADC4       TConditionAgeGt.Description
 0001:0004AEB0       TConditionAgeGt.Match
 0001:0004AED0       TConditionAgeGt.Name
 0001:0004AEF0       TConditionAgeGt.Operator
 0001:0004AF10       TConditionAgeLt.Description
 0001:0004B044       TConditionAgeLt.Match
 0001:0004B064       TConditionAgeLt.Name
 0001:0004B084       TConditionAgeLt.Operator
 0001:0004A460       TConditionAGroup.Description
 0001:0004A510       TConditionAGroup.Match
 0001:0004A52C       TConditionAGroup.Name
 0001:00048B30       TConditionAllowed.Description
 0001:00048BDC       TConditionAllowed.Match
 0001:00048BF8       TConditionAllowed.Name
 0001:00048820       TConditionArray.AsText
 0001:00048900       TConditionArray.Create
 0001:000489EC       TConditionArray.Destroy
[...]
   439 0001:0005E82F   440 0001:0005E866   441 0001:0005E88B   444 0001:0005E89A
   446 0001:0005E8A9   447 0001:0005E8B3   448 0001:0005E8C9   449 0001:0005E8D7
   450 0001:0005E8ED   451 0001:0005E912   455 0001:0005E94B   461 0001:0005EA60
   462 0001:0005EA94   463 0001:0005EA9D   464 0001:0005EABC   465 0001:0005EB19
   468 0001:0005EB5C   469 0001:0005EB82   470 0001:0005EB84   471 0001:0005EB9A
   472 0001:0005EBA0   473 0001:0005EBB6   474 0001:0005EBD4   475 0001:0005EBE1
   476 0001:0005EC07   485 0001:0005EC1C   486 0001:0005EC3F   487 0001:0005EC49
   489 0001:0005EC4D   492 0001:0005EC5E   494 0001:0005EC79   495 0001:0005EC95
   498 0001:0005ECC1   499 0001:0005ECCA   501 0001:0005ED03   492 0001:0005ED06
   504 0001:0005ED0D   505 0001:0005ED24   506 0001:0005ED43   504 0001:0005ED6F
   508 0001:0005ED72   510 0001:0005ED7C   511 0001:0005ED80   512 0001:0005ED8C
   514 0001:0005EDA7   515 0001:0005EDC3   517 0001:0005EDE8   518 0001:0005EDEC
   519 0001:0005EE14   520 0001:0005EE19   522 0001:0005EE1D   512 0001:0005EE20
   523 0001:0005EE23   524 0001:0005EE29   525 0001:0005EE2E   526 0001:0005EE5C
   532 0001:0005EEDC   554 0001:0005EEFD   555 0001:0005EF03   557 0001:0005EF0A
   560 0001:0005EF1D   561 0001:0005EF33   562 0001:0005EF40   558 0001:0005EF4A
   565 0001:0005EF82   566 0001:0005EF8C   569 0001:0005EF90   571 0001:0005EFAC
   573 0001:0005EFC9   574 0001:0005EFD5   575 0001:0005EFE1   578 0001:0005EFE3
   567 0001:0005EFE4   580 0001:0005EFF2   582 0001:0005EFFC   583 0001:0005F041
   533 0001:0005F057   585 0001:0005F099   590 0001:0005F0F8   591 0001:0005F117
   592 0001:0005F11B   594 0001:0005F128   597 0001:0005F14D   600 0001:0005F162
   601 0001:0005F178   602 0001:0005F185   598 0001:0005F18F   605 0001:0005F1C7
   594 0001:0005F1CD   608 0001:0005F1D6   609 0001:0005F1DC   611 0001:0005F1F2
   613 0001:0005F1FF   614 0001:0005F21D   617 0001:0005F244   619 0001:0005F253
   620 0001:0005F270   621 0001:0005F276   623 0001:0005F2A2   625 0001:0005F2EE
   630 0001:0005F3F8   631 0001:0005F417   632 0001:0005F423   634 0001:0005F435
   635 0001:0005F445   636 0001:0005F467   637 0001:0005F46B   632 0001:0005F46C
   638 0001:0005F46F   639 0001:0005F498   643 0001:0005F4B0   644 0001:0005F4D0
   645 0001:0005F4E6   648 0001:0005F544   649 0001:0005F552   650 0001:0005F559
   651 0001:0005F560   653 0001:0005F56B   655 0001:0005F573   656 0001:0005F57B
   658 0001:0005F583   659 0001:0005F58B   661 0001:0005F593   664 0001:0005F5B6
   665 0001:0005F5C7   666 0001:0005F5DF   667 0001:0005F5E5   668 0001:0005F601
   666 0001:0005F60B   646 0001:0005F613   672 0001:0005F65D   676 0001:0005F6C0
   677 0001:0005F6D3   678 0001:0005F6E4   679 0001:0005F6F5   680 0001:0005F706
   684 0001:0005F708   685 0001:0005F712   686 0001:0005F71C   687 0001:0005F726
   688 0001:0005F730   692 0001:0005F734   693 0001:0005F769   694 0001:0005F77F
   696 0001:0005F785   697 0001:0005F792   699 0001:0005F798   700 0001:0005F79C
   702 0001:0005F7B2   705 0001:0005F7DC   708 0001:0005F7E4   709 0001:0005F816
   710 0001:0005F857   714 0001:0005F860   715 0001:0005F866   716 0001:0005F876
   720 0001:0005F87C   721 0001:0005F885   726 0001:0005F888   727 0001:0005F8CF
   723 0001:0005F8D4   724 0001:0005F8EE   725 0001:0005F908

Line numbers for taskautodirlist(taskautodirlist.pas) segment .text

    24 0001:0005F978    25 0001:0005F9A7    26 0001:0005F9E9    39 0001:0005F9F0
    41 0001:0005F9F3    42 0001:0005FA0B    44 0001:0005FA14    45 0001:0005FA20
    46 0001:0005FA3B    47 0001:0005FA5F    48 0001:0005FA69    49 0001:0005FA74
    51 0001:0005FA80    53 0001:0005FA98    54 0001:0005FAC0    55 0001:0005FAC4
    56 0001:0005FAC7    59 0001:0005FADF    61 0001:0005FAF2    62 0001:0005FAF9
    63 0001:0005FAFD    67 0001:0005FB02    68 0001:0005FB0B    70 0001:0005FB1B
    71 0001:0005FB22    72 0001:0005FB29    77 0001:0005FB2E    78 0001:0005FB41
    80 0001:0005FB48    81 0001:0005FB5C    82 0001:0005FB66    83 0001:0005FB7A
    85 0001:0005FB84    87 0001:0005FB95    89 0001:0005FBA2    93 0001:0005FBA7
    94 0001:0005FBC4    95 0001:0005FBD2    97 0001:0005FBEC    98 0001:0005FBFC
   100 0001:0005FC1B   102 0001:0005FC61   103 0001:0005FC6D   104 0001:0005FC92
   107 0001:0005FC9E    95 0001:0005FCA1   109 0001:0005FCB5   112 0001:0005FCC5
    78 0001:0005FCC8   114 0001:0005FCD5   116 0001:0005FCDC   117 0001:0005FCE0
   118 0001:0005FD14   121 0001:0005FD8C   122 0001:0005FDA5   123 0001:0005FDE3
   125 0001:0005FE30   125 0001:0005FE37

Line numbers for sitesunit(sitesunit.pas) segment .text

   198 0001:0005FF24   199 0001:0005FF2A   201 0001:0005FF30   202 0001:0005FF47
   204 0001:0005FF55   205 0001:0005FF5C   209 0001:0005FF63   210 0001:0005FF6A
   215 0001:0005FF70   216 0001:0005FF90   217 0001:0005FF92   218 0001:0005FFA2
   220 0001:0005FFBB   221 0001:0005FFC9   222 0001:0005FFCB   217 0001:0005FFCC
   223 0001:0005FFEE   227 0001:0005FFF4   228 0001:0006001B   229 0001:00060020
   230 0001:00060033   231 0001:0006004D   233 0001:00060078   234 0001:00060091
   235 0001:00060093   230 0001:00060094   235 0001:00060097   229 0001:00060098
   236 0001:000600C5   241 0001:000600CC   242 0001:000600F4   243 0001:000600F8
   244 0001:00060116   246 0001:00060122   247 0001:00060133   248 0001:0006014F
   249 0001:00060168   250 0001:00060172   253 0001:00060178   254 0001:00060186
   255 0001:000601A2   257 0001:000601CA   258 0001:000601D3   261 0001:000601E6
   263 0001:00060213   269 0001:000602A0   270 0001:000602AC   271 0001:000602BD
   272 0001:000602CE   275 0001:000602D0   277 0001:000602D9   278 0001:000602E3
   281 0001:000602EA   283 0001:000602F3   284 0001:000602FD   287 0001:00060304
   288 0001:0006030E   294 0001:00060310   295 0001:00060327   297 0001:00060338
   298 0001:00060342   299 0001:00060361   301 0001:0006036B   302 0001:00060386
   303 0001:0006039B   304 0001:000603AD   305 0001:000603D1   308 0001:000603DC
   309 0001:0006040E   310 0001:00060414   311 0001:0006041A   313 0001:00060445
   314 0001:0006044D   315 0001:00060470   316 0001:00060481   318 0001:00060485
   319 0001:00060489   320 0001:0006048D   321 0001:00060495   322 0001:00060499
   323 0001:000604A2   324 0001:000604AD   325 0001:000604B5   326 0001:000604BE
   327 0001:000604C7   330 0001:000604CE   331 0001:000604FC   333 0001:00060503
   334 0001:0006052E   335 0001:00060574   338 0001:000605D8   339 0001:000605F1
   340 0001:00060636   342 0001:00060648   343 0001:00060654   344 0001:00060662
   345 0001:00060671   347 0001:0006067C   349 0001:00060689   350 0001:0006068E
   354 0001:000606A8   356 0001:000606B0   357 0001:000606B7   359 0001:000606C2
   360 0001:000606C8   362 0001:000606D4   364 0001:000606E6   366 0001:000606EC
   367 0001:00060711   370 0001:00060742   371 0001:00060750   372 0001:00060759
   374 0001:0006077C   376 0001:00060789   377 0001:00060796   379 0001:000607A2
   380 0001:000607A9   381 0001:000607B0   382 0001:000607C1   383 0001:000607C6
   384 0001:000607D1   385 0001:000607DD   386 0001:000607E2   389 0001:000607F0
   392 0001:00060819   394 0001:0006081B   368 0001:00060856   398 0001:00060870
   399 0001:000608A1   402 0001:00060904   403 0001:0006090F   404 0001:00060918
   405 0001:00060920   406 0001:00060928   407 0001:0006093F   411 0001:00060944
   412 0001:00060948   413 0001:0006094A   415 0001:00060950   416 0001:00060960
   418 0001:00060971   420 0001:00060975   421 0001:00060979   424 0001:0006098C
   425 0001:00060990   426 0001:00060992   428 0001:00060998   429 0001:000609A8
   431 0001:000609B9   433 0001:000609BD   434 0001:000609C1   437 0001:000609D4
   438 0001:000609EC   439 0001:00060A00   441 0001:00060A2C   442 0001:00060A40
   443 0001:00060A8C   446 0001:00060AD0   447 0001:00060B01   448 0001:00060B03
   450 0001:00060B14   452 0001:00060B2D   453 0001:00060B50   454 0001:00060B65
   456 0001:00060B71   457 0001:00060B79   459 0001:00060B94   463 0001:00060BA1
   464 0001:00060BE4   467 0001:00060BE6   469 0001:00060BF1   470 0001:00060C27
   476 0001:00060C60   477 0001:00060C8D   478 0001:00060C91   483 0001:00060C9E
   484 0001:00060CAC   485 0001:00060CE8   486 0001:00060D1F   488 0001:00060D41
   489 0001:00060D59   490 0001:00060D76   492 0001:00060D8E   494 0001:00060D9E
   495 0001:00060DA3   499 0001:00060DBE   500 0001:00060DDD   501 0001:00060DEC
   503 0001:00060E11   505 0001:00060E1D   506 0001:00060E21   509 0001:00060E26
   510 0001:00060E44   512 0001:00060E63   514 0001:00060E72   515 0001:00060E8D
   519 0001:00060E91   522 0001:00060E9B   523 0001:00060EB9   525 0001:00060ED8
   526 0001:00060EE7   528 0001:00060F04   532 0001:00060F30   533 0001:00060F46
   535 0001:00060F5C   536 0001:00060F89   538 0001:00060FA8   539 0001:00060FB7
   541 0001:00060FDC   542 0001:0006101F   544 0001:0006103E   545 0001:0006104D
   548 0001:00061072   549 0001:00061090   552 0001:000610AF   554 0001:000610C2
   555 0001:000610E0   557 0001:000610FF   560 0001:00061107   561 0001:00061125
   563 0001:00061144   565 0001:00061156   570 0001:0006116F   572 0001:00061182
   573 0001:000611C4   576 0001:000611E3   578 0001:000611FA   579 0001:0006121C
   583 0001:00061232   585 0001:00061236   588 0001:00061240   590 0001:00061248
   591 0001:00061252   592 0001:000612AE   594 0001:00061303   595 0001:0006133B
   596 0001:00061373   599 0001:0006139B   601 0001:0006139D   602 0001:000613FD
   605 0001:0006144E   611 0001:000615FC   612 0001:0006161E   614 0001:00061620
   617 0001:00061624   618 0001:0006164E   620 0001:00061654   621 0001:00061662
   622 0001:00061666   615 0001:00061667   625 0001:00061671   626 0001:0006167B
   628 0001:0006167F   629 0001:00061688   631 0001:000616DF   636 0001:00061724
   637 0001:0006174A   638 0001:0006174C   639 0001:0006178D   640 0001:00061791
   642 0001:000617AD   644 0001:000617AF   647 0001:000617B3   648 0001:000617C0
   651 0001:000617C4   645 0001:000617C5   654 0001:000617D3   655 0001:000617DD
   656 0001:000617E1   657 0001:00061815   661 0001:00061860   662 0001:00061868
   665 0001:0006186C   666 0001:00061879   667 0001:0006188E   672 0001:00061898
   673 0001:000618CB   674 0001:000618D8   675 0001:000618E3   676 0001:000618E7
   677 0001:000618FF   679 0001:0006190D   680 0001:0006191F   681 0001:00061959
   683 0001:00061968   685 0001:00061970   686 0001:00061980   687 0001:00061990
   688 0001:000619C7   690 0001:000619DE   694 0001:000619FB   696 0001:00061A07
   698 0001:00061A0D   699 0001:00061A2C   701 0001:00061A2E   702 0001:00061A38
   703 0001:00061A3E   706 0001:00061AC0   709 0001:00061B1C   710 0001:00061B4F
   711 0001:00061B53   712 0001:00061B80   713 0001:00061B8E   714 0001:00061B9C
   715 0001:00061BD3   716 0001:00061BDF   717 0001:00061BFE   719 0001:00061C00
   720 0001:00061C36   723 0001:00061C7A   726 0001:00061CDC   727 0001:00061D06
   728 0001:00061D47   731 0001:00061D50   732 0001:00061D73   733 0001:00061DA4
   736 0001:00061DAC   737 0001:00061DD9   738 0001:00061E10   742 0001:00061E18
   744 0001:00061E1D   745 0001:00061E22   746 0001:00061E2F   749 0001:00061E30
   750 0001:00061E4A   751 0001:00061E92   754 0001:00061EA4   755 0001:00061EA7
   757 0001:00061EAD   758 0001:00061EBD   759 0001:00061ECA   760 0001:00061ED3
   763 0001:00061EE8   764 0001:00061F0B   765 0001:00061F3C   769 0001:00061F44
   770 0001:00061F7A   771 0001:00061F7C   773 0001:00061F8B   774 0001:00061F9B
   776 0001:00061FAD   778 0001:00061FD0   779 0001:00061FDE   781 0001:00061FEF
   782 0001:00062015   786 0001:0006202C   787 0001:00062052   788 0001:00062054
   789 0001:00062082   791 0001:00062091   792 0001:000620AE   793 0001:000620BE
   795 0001:000620EE   797 0001:000620FE   798 0001:0006210C   800 0001:0006211D
   801 0001:00062143   806 0001:0006215C   807 0001:00062192   808 0001:00062194
   810 0001:000621A3   811 0001:000621B3   813 0001:000621C0   814 0001:000621D9
   815 0001:000621F8   816 0001:00062209   817 0001:0006222F   820 0001:00062248
   821 0001:0006227E   822 0001:00062280   823 0001:00062299   825 0001:000622B5
   826 0001:000622D1   827 0001:000622DC   829 0001:000622EC   830 0001:0006231E
   834 0001:00062324   835 0001:00062352   836 0001:00062354   838 0001:00062369
   839 0001:0006237A   841 0001:00062389   843 0001:000623A4   844 0001:000623B2
   846 0001:000623C3   847 0001:000623F1   853 0001:0006241C   856 0001:0006245C
   857 0001:0006247D   859 0001:00062485   860 0001:000624A9   862 0001:000624B2
   865 0001:000624BD   866 0001:000624CE   867 0001:000624EA   866 0001:00062507
   870 0001:0006250A   872 0001:00062537   873 0001:00062558   877 0001:0006257A
   878 0001:000625DE   881 0001:00062678   882 0001:0006267B   883 0001:00062682
   884 0001:0006268C   885 0001:00062699   889 0001:0006269C   890 0001:000626A9
   892 0001:000626B7   893 0001:000626D5   894 0001:000626E4   895 0001:000626F0
   890 0001:000626F1   896 0001:000626F4   897 0001:000626FC   898 0001:00062713
   903 0001:00062718   904 0001:00062732   905 0001:0006273E   906 0001:0006274C
   907 0001:00062758   908 0001:0006276A   909 0001:00062786   907 0001:000627C4
   910 0001:000627C9   911 0001:000627D0   912 0001:000627DC   913 0001:0006280C
   918 0001:00062824   919 0001:00062828   920 0001:00062834   921 0001:00062844
   922 0001:0006285E   921 0001:0006287A   922 0001:0006287D   920 0001:0006287E
   924 0001:00062881   925 0001:0006288D   928 0001:00062894   929 0001:000628C6
   930 0001:0006290F   933 0001:00062928   934 0001:00062952   935 0001:00062999
   939 0001:000629B0   940 0001:000629DA   941 0001:00062A21   946 0001:00062A38
   947 0001:00062A3F   948 0001:00062A41   949 0001:00062A43   950 0001:00062A48
   951 0001:00062A4E   952 0001:00062A5A   954 0001:00062A6A   955 0001:00062A85
   956 0001:00062A8B   957 0001:00062A8E   959 0001:00062A91   960 0001:00062A92
   952 0001:00062A93   961 0001:00062A96   963 0001:00062AA2   964 0001:00062AB4
   967 0001:00062ABC   968 0001:00062AC5   970 0001:00062ACA   972 0001:00062ACD
   974 0001:00062AD2   975 0001:00062AF1   978 0001:00062AF7   980 0001:00062AFC
   983 0001:00062B1B   986 0001:00062B20   988 0001:00062B25   989 0001:00062B31
   990 0001:00062B39   992 0001:00062B45   997 0001:00062B8C   998 0001:00062B9B
  1003 0001:00062BB4  1004 0001:00062BC3  1008 0001:00062BDC  1009 0001:00062BEB
  1013 0001:00062C00  1014 0001:00062C0F  1018 0001:00062C20  1019 0001:00062C2F
  1023 0001:00062C44  1024 0001:00062C53  1028 0001:00062C64  1029 0001:00062C70
  1033 0001:00062C8C  1034 0001:00062C98  1038 0001:00062CB4  1039 0001:00062CC0
  1043 0001:00062CD8  1044 0001:00062CE4  1048 0001:00062CF8  1049 0001:00062D04
  1053 0001:00062D1C  1054 0001:00062D28  1057 0001:00062D3C  1058 0001:00062D3F
  1059 0001:00062D50  1063 0001:00062D68  1064 0001:00062D76  1067 0001:00062D8C
  1068 0001:00062DB6  1069 0001:00062DF9  1071 0001:00062E10  1072 0001:00062E3A
  1073 0001:00062E7D  1075 0001:00062E94  1076 0001:00062EC6  1077 0001:00062F0C
  1080 0001:00062F24  1081 0001:00062F27  1082 0001:00062F35  1086 0001:00062F48
  1087 0001:00062F56  1095 0001:00062F68  1096 0001:00062F6E  1097 0001:00062F7C
  1111 0001:00062F8C  1113 0001:00062F98  1117 0001:00062FB0  1119 0001:00062FBC
  1122 0001:00062FD4  1123 0001:00062FDA  1125 0001:0006300D  1126 0001:00063016
  1128 0001:00063035  1131 0001:00063078  1132 0001:0006307E  1134 0001:000630B1
  1135 0001:000630BA  1138 0001:000630D9  1141 0001:00063118  1142 0001:00063142
  1143 0001:00063181  1146 0001:00063198  1147 0001:000631C0  1148 0001:000631C4
  1151 0001:000631E2  1153 0001:0006321E  1156 0001:00063234  1157 0001:0006323A
  1158 0001:00063249  1160 0001:00063260  1161 0001:00063280  1162 0001:000632AC
  1165 0001:000632C4  1166 0001:000632EB  1167 0001:0006332D  1170 0001:00063344
  1171 0001:0006336E  1172 0001:000633AD  1175 0001:000633C4  1176 0001:000633EC
  1177 0001:000633F0  1180 0001:0006340E  1182 0001:0006344A  1186 0001:00063460
  1187 0001:00063494  1188 0001:000634A2  1189 0001:000634AB  1190 0001:000634B4
  1191 0001:000634CB  1192 0001:000634D9  1193 0001:00063504  1196 0001:0006350C
  1197 0001:00063535  1198 0001:00063543  1199 0001:0006354C  1200 0001:00063555
  1201 0001:00063569  1202 0001:00063577  1203 0001:000635A2  1206 0001:000635AC
  1207 0001:000635D3  1208 0001:000635E1  1209 0001:000635EA  1210 0001:000635F3
  1211 0001:00063607  1212 0001:00063615  1214 0001:00063619  1215 0001:0006362D
  1217 0001:0006363B  1218 0001:00063666  1225 0001:00063670  1226 0001:000636A2
  1227 0001:000636B0  1228 0001:000636B9  1229 0001:000636C2  1230 0001:000636D7
  1232 0001:000636DC  1233 0001:000636EF  1235 0001:000636F5  1237 0001:00063702
  1238 0001:00063708  1241 0001:0006371D  1242 0001:00063727  1230 0001:00063728
  1243 0001:00063730  1244 0001:0006373A  1245 0001:0006374F  1246 0001:00063759
  1247 0001:0006378A  1253 0001:000637A0  1254 0001:000637C7  1255 0001:000637DA
  1256 0001:000637E8  1257 0001:000637F1  1258 0001:000637FA  1259 0001:0006380F
  1261 0001:00063814  1262 0001:00063832  1264 0001:00063838  1266 0001:00063845
  1267 0001:0006384B  1271 0001:00063860  1272 0001:00063873  1274 0001:0006387F
  1276 0001:00063889  1259 0001:0006388A  1277 0001:00063892  1278 0001:0006389C
  1279 0001:000638B1  1280 0001:000638BB  1281 0001:000638EC  1287 0001:0006392C
  1288 0001:00063953  1289 0001:00063966  1290 0001:00063974  1291 0001:0006397D
  1292 0001:00063986  1293 0001:0006399B  1295 0001:000639A0  1296 0001:000639BE
  1298 0001:000639C4  1300 0001:000639D1  1301 0001:000639D7  1305 0001:000639EC
  1306 0001:000639FF  1308 0001:00063A0B  1310 0001:00063A15  1293 0001:00063A16
  1311 0001:00063A1E  1312 0001:00063A28  1313 0001:00063A3D  1314 0001:00063A47
  1315 0001:00063A78  1321 0001:00063AB8  1322 0001:00063AF2  1323 0001:00063B00
  1324 0001:00063B09  1325 0001:00063B12  1326 0001:00063B2A  1328 0001:00063B2F
  1329 0001:00063B42  1331 0001:00063B48  1333 0001:00063B55  1334 0001:00063B5B
  1337 0001:00063B70  1338 0001:00063B7A  1326 0001:00063B7B  1339 0001:00063B83
  1340 0001:00063B8D  1341 0001:00063BA5  1342 0001:00063BAF  1343 0001:00063BD8
  1346 0001:00063BEC  1347 0001:00063BF2  1348 0001:00063C01  1351 0001:00063C18
  1352 0001:00063C1E  1353 0001:00063C2D  1356 0001:00063C40  1357 0001:00063C60
  1358 0001:00063C8C  1361 0001:00063CA4  1362 0001:00063CC4  1363 0001:00063CF0
  1366 0001:00063D08  1367 0001:00063D25  1368 0001:00063D7D  1373 0001:00063D90
  1374 0001:00063DA8  1375 0001:00063DB9  1377 0001:00063DBE  1378 0001:00063DCC
  1379 0001:00063DD5  1380 0001:00063DE9  1381 0001:00063E01  1382 0001:00063E27
  1386 0001:00063E44  1387 0001:00063E5C  1388 0001:00063E6D  1390 0001:00063E72
  1391 0001:00063E80  1392 0001:00063E89  1393 0001:00063E9D  1394 0001:00063EB5
  1395 0001:00063EDB  1400 0001:00063EF8  1401 0001:00063EFE  1402 0001:00063F10
  1404 0001:00063F2D  1405 0001:00063F3D  1406 0001:00063F50  1401 0001:00063F51
  1409 0001:00063F54  1410 0001:00063F69  1411 0001:00063F6D  1412 0001:00063F74
  1417 0001:00063F7C  1418 0001:00063F82  1419 0001:00063F94  1421 0001:00063FB1
  1422 0001:00063FC1  1423 0001:00063FCE  1418 0001:00063FCF  1426 0001:00063FD2
  1427 0001:00063FE3  1428 0001:00063FE7  1429 0001:00063FEE  1433 0001:00063FF4
  1434 0001:00063FF7  1435 0001:00064009  1437 0001:00064010  1438 0001:00064022
  1439 0001:00064029  1443 0001:00064054  1444 0001:00064056  1445 0001:00064062
  1446 0001:00064072  1445 0001:00064084  1447 0001:00064087  1448 0001:00064093
  1453 0001:00064098  1454 0001:000640CB  1450 0001:000640D0  1451 0001:000640D9
  1452 0001:000640DE

Line numbers for slftp(C:\Z\slftp\rls\src\slftp.dpr) segment .text

    28 0001:00064430    29 0001:00064448    31 0001:00064456    32 0001:0006445B
    35 0001:00064462    36 0001:0006447B

Bound resource files

slftp.res
slftp.drf


Program entry point at 0001:00064430
